\BOOKMARK [1][-]{section.1}{\376\377\000I\000n\000t\000r\000o\000d\000u\000c\000t\000i\000o\000n}{}% 1
\BOOKMARK [2][-]{subsection.1.1}{\376\377\000M\000o\000t\000i\000v\000a\000t\000i\000o\000n\000\040\000a\000n\000d\000\040\000P\000r\000o\000b\000l\000e\000m\000\040\000S\000t\000a\000t\000e\000m\000e\000n\000t}{section.1}% 2
\BOOKMARK [2][-]{subsection.1.2}{\376\377\000C\000o\000n\000t\000r\000i\000b\000u\000t\000i\000o\000n\000s}{section.1}% 3
\BOOKMARK [2][-]{subsection.1.3}{\376\377\000R\000e\000a\000d\000i\000n\000g\000\040\000G\000u\000i\000d\000e}{section.1}% 4
\BOOKMARK [2][-]{subsection.1.4}{\376\377\000W\000e\000b\000-\000B\000a\000s\000e\000d\000\040\000C\000o\000n\000f\000i\000g\000u\000r\000a\000t\000i\000o\000n\000\040\000B\000u\000i\000l\000d\000e\000r}{section.1}% 5
\BOOKMARK [1][-]{section.2}{\376\377\000R\000e\000l\000a\000t\000e\000d\000\040\000W\000o\000r\000k}{}% 6
\BOOKMARK [2][-]{subsection.2.1}{\376\377\000S\000e\000q\000u\000e\000n\000c\000e\000\040\000M\000i\000x\000e\000r\000\040\000A\000r\000c\000h\000i\000t\000e\000c\000t\000u\000r\000e\000s}{section.2}% 7
\BOOKMARK [3][-]{subsubsection.2.1.1}{\376\377\000D\000e\000n\000s\000e\000\040\000A\000t\000t\000e\000n\000t\000i\000o\000n\000\040\000B\000a\000s\000e\000l\000i\000n\000e\000s}{subsection.2.1}% 8
\BOOKMARK [3][-]{subsubsection.2.1.2}{\376\377\000R\000e\000c\000u\000r\000r\000e\000n\000t\000\040\000a\000n\000d\000\040\000R\000e\000t\000e\000n\000t\000i\000v\000e\000\040\000A\000r\000c\000h\000i\000t\000e\000c\000t\000u\000r\000e\000s}{subsection.2.1}% 9
\BOOKMARK [3][-]{subsubsection.2.1.3}{\376\377\000S\000p\000a\000r\000s\000e\000\040\000A\000t\000t\000e\000n\000t\000i\000o\000n\000\040\000M\000e\000c\000h\000a\000n\000i\000s\000m\000s}{subsection.2.1}% 10
\BOOKMARK [3][-]{subsubsection.2.1.4}{\376\377\000G\000a\000t\000e\000d\000\040\000A\000t\000t\000e\000n\000t\000i\000o\000n\000\040\000M\000e\000c\000h\000a\000n\000i\000s\000m\000s}{subsection.2.1}% 11
\BOOKMARK [2][-]{subsection.2.2}{\376\377\000O\000p\000t\000i\000m\000i\000z\000a\000t\000i\000o\000n\000\040\000A\000l\000g\000o\000r\000i\000t\000h\000m\000s}{section.2}% 12
\BOOKMARK [1][-]{section.3}{\376\377\000S\000y\000s\000t\000e\000m\000\040\000D\000e\000s\000i\000g\000n\000\040\000a\000n\000d\000\040\000A\000r\000c\000h\000i\000t\000e\000c\000t\000u\000r\000e}{}% 13
\BOOKMARK [2][-]{subsection.3.1}{\376\377\000C\000o\000n\000f\000i\000g\000u\000r\000a\000t\000i\000o\000n\000-\000C\000e\000n\000t\000r\000i\000c\000\040\000A\000r\000c\000h\000i\000t\000e\000c\000t\000u\000r\000e}{section.3}% 14
\BOOKMARK [2][-]{subsection.3.2}{\376\377\000S\000c\000h\000e\000m\000a\000\040\000S\000c\000o\000p\000e\000\040\000a\000n\000d\000\040\000V\000a\000l\000i\000d\000a\000t\000i\000o\000n\000\040\000R\000u\000l\000e\000s}{section.3}% 15
\BOOKMARK [2][-]{subsection.3.3}{\376\377\000C\000o\000m\000p\000l\000e\000t\000e\000\040\000M\000o\000d\000e\000l\000\040\000F\000e\000a\000t\000u\000r\000e\000\040\000I\000n\000v\000e\000n\000t\000o\000r\000y}{section.3}% 16
\BOOKMARK [2][-]{subsection.3.4}{\376\377\000T\000r\000a\000i\000n\000i\000n\000g\000\040\000T\000a\000s\000k\000\040\000T\000y\000p\000e\000s}{section.3}% 17
\BOOKMARK [2][-]{subsection.3.5}{\376\377\000C\000o\000m\000p\000l\000e\000t\000e\000\040\000T\000r\000a\000i\000n\000i\000n\000g\000\040\000F\000e\000a\000t\000u\000r\000e\000\040\000I\000n\000v\000e\000n\000t\000o\000r\000y}{section.3}% 18
\BOOKMARK [2][-]{subsection.3.6}{\376\377\000O\000p\000t\000i\000m\000i\000z\000e\000r\000\040\000P\000r\000e\000f\000i\000x\000\040\000C\000o\000n\000t\000r\000a\000c\000t\000\040\000\050\000F\000u\000l\000l\000\051}{section.3}% 19
\BOOKMARK [2][-]{subsection.3.7}{\376\377\000T\000r\000a\000i\000n\000i\000n\000g\000\040\000S\000a\000f\000e\000t\000y\000\040\000a\000n\000d\000\040\000R\000u\000n\000t\000i\000m\000e\000\040\000S\000e\000m\000a\000n\000t\000i\000c\000s}{section.3}% 20
\BOOKMARK [2][-]{subsection.3.8}{\376\377\000N\000o\000r\000m\000a\000l\000i\000z\000a\000t\000i\000o\000n\000\040\000V\000a\000r\000i\000a\000n\000t\000s\000:\000\040\000R\000M\000S\000N\000o\000r\000m\000,\000\040\000D\000y\000n\000a\000m\000i\000c\000\040\000T\000a\000n\000h\000,\000\040\000a\000n\000d\000\040\000D\000y\000n\000a\000m\000i\000c\000\040\000E\000r\000f}{section.3}% 21
\BOOKMARK [2][-]{subsection.3.9}{\376\377\000R\000M\000S\000N\000o\000r\000m}{section.3}% 22
\BOOKMARK [2][-]{subsection.3.10}{\376\377\000D\000y\000n\000a\000m\000i\000c\000\040\000T\000a\000n\000h\000\040\000\050\000D\000y\000T\000\051}{section.3}% 23
\BOOKMARK [2][-]{subsection.3.11}{\376\377\000D\000y\000n\000a\000m\000i\000c\000\040\000E\000r\000f\000\040\000\050\000D\000e\000r\000f\000\051}{section.3}% 24
\BOOKMARK [2][-]{subsection.3.12}{\376\377\000S\000c\000h\000e\000m\000a\000\040\000I\000m\000p\000l\000i\000c\000a\000t\000i\000o\000n\000s}{section.3}% 25
\BOOKMARK [1][-]{section.4}{\376\377\000A\000r\000c\000h\000i\000t\000e\000c\000t\000u\000r\000e\000\040\000T\000a\000x\000o\000n\000o\000m\000y\000\040\000a\000n\000d\000\040\000I\000m\000p\000l\000e\000m\000e\000n\000t\000a\000t\000i\000o\000n}{}% 26
\BOOKMARK [2][-]{subsection.4.1}{\376\377\000A\000t\000t\000e\000n\000t\000i\000o\000n\000\040\000a\000n\000d\000\040\000S\000e\000q\000u\000e\000n\000c\000e\000-\000M\000i\000x\000e\000r\000\040\000F\000a\000m\000i\000l\000i\000e\000s}{section.4}% 27
\BOOKMARK [2][-]{subsection.4.2}{\376\377\000S\000t\000a\000n\000d\000a\000r\000d\000\040\000A\000t\000t\000e\000n\000t\000i\000o\000n}{section.4}% 28
\BOOKMARK [2][-]{subsection.4.3}{\376\377\000S\000i\000g\000m\000o\000i\000d\000\040\000A\000t\000t\000e\000n\000t\000i\000o\000n}{section.4}% 29
\BOOKMARK [2][-]{subsection.4.4}{\376\377\000R\000e\000t\000e\000n\000t\000i\000v\000e\000\040\000F\000o\000r\000m\000u\000l\000a\000t\000i\000o\000n}{section.4}% 30
\BOOKMARK [2][-]{subsection.4.5}{\376\377\000S\000e\000l\000e\000c\000t\000i\000v\000e\000\040\000S\000S\000M\000\040\000\050\000M\000a\000m\000b\000a\000\051}{section.4}% 31
\BOOKMARK [2][-]{subsection.4.6}{\376\377\000O\000D\000E\000-\000s\000t\000y\000l\000e\000\040\000C\000o\000n\000t\000i\000n\000u\000o\000u\000s\000\040\000U\000p\000d\000a\000t\000e\000s}{section.4}% 32
\BOOKMARK [2][-]{subsection.4.7}{\376\377\000T\000e\000s\000t\000-\000t\000i\000m\000e\000\040\000M\000e\000m\000o\000r\000y\000\040\000\050\000T\000i\000t\000a\000n\000s\000\051}{section.4}% 33
\BOOKMARK [2][-]{subsection.4.8}{\376\377\000S\000p\000a\000r\000s\000e\000\040\000a\000n\000d\000\040\000G\000a\000t\000e\000d\000\040\000E\000x\000t\000e\000n\000s\000i\000o\000n\000s\000\040\000i\000n\000\040\000t\000h\000e\000\040\000C\000u\000r\000r\000e\000n\000t\000\040\000C\000o\000d\000e\000b\000a\000s\000e}{section.4}% 34
\BOOKMARK [2][-]{subsection.4.9}{\376\377\000I\000m\000p\000l\000e\000m\000e\000n\000t\000e\000d\000\040\000S\000p\000a\000r\000s\000e\000\040\000A\000t\000t\000e\000n\000t\000i\000o\000n\000\040\000B\000l\000o\000c\000k\000s\000\040\000\050\000D\000e\000t\000a\000i\000l\000e\000d\000\051}{section.4}% 35
\BOOKMARK [2][-]{subsection.4.10}{\376\377\000I\000m\000p\000l\000e\000m\000e\000n\000t\000e\000d\000\040\000G\000a\000t\000e\000d\000\040\000A\000t\000t\000e\000n\000t\000i\000o\000n\000\040\000B\000l\000o\000c\000k\000s\000\040\000\050\000D\000e\000t\000a\000i\000l\000e\000d\000\051}{section.4}% 36
\BOOKMARK [1][-]{section.5}{\376\377\000O\000p\000t\000i\000m\000i\000z\000e\000r\000\040\000F\000a\000m\000i\000l\000i\000e\000s\000\040\000a\000n\000d\000\040\000T\000r\000a\000i\000n\000i\000n\000g\000\040\000D\000y\000n\000a\000m\000i\000c\000s}{}% 37
\BOOKMARK [1][-]{section.6}{\376\377\000Q\000u\000a\000n\000t\000i\000z\000a\000t\000i\000o\000n\000\040\000a\000n\000d\000\040\000D\000e\000p\000l\000o\000y\000m\000e\000n\000t}{}% 38
\BOOKMARK [2][-]{subsection.6.1}{\376\377\000T\000e\000r\000n\000a\000r\000y\000\040\000Q\000u\000a\000n\000t\000i\000z\000a\000t\000i\000o\000n}{section.6}% 39
\BOOKMARK [2][-]{subsection.6.2}{\376\377\000A\000c\000t\000i\000v\000a\000t\000i\000o\000n\000\040\000Q\000u\000a\000n\000t\000i\000z\000a\000t\000i\000o\000n}{section.6}% 40
\BOOKMARK [2][-]{subsection.6.3}{\376\377\000S\000i\000z\000e\000\040\000E\000s\000t\000i\000m\000a\000t\000e\000s}{section.6}% 41
\BOOKMARK [1][-]{section.7}{\376\377\000S\000B\000E\000R\000T\000\040\000D\000o\000w\000n\000s\000t\000r\000e\000a\000m\000\040\000T\000a\000s\000k\000s}{}% 42
\BOOKMARK [1][-]{section.8}{\376\377\000S\000u\000m\000m\000a\000r\000y\000\040\000T\000a\000b\000l\000e\000s}{}% 43
\BOOKMARK [2][-]{subsection.8.1}{\376\377\000A\000t\000t\000e\000n\000t\000i\000o\000n\000\040\000a\000n\000d\000\040\000S\000e\000q\000u\000e\000n\000c\000e\000-\000M\000i\000x\000e\000r\000\040\000S\000u\000m\000m\000a\000r\000y}{section.8}% 44
\BOOKMARK [2][-]{subsection.8.2}{\376\377\000O\000p\000t\000i\000m\000i\000z\000e\000r\000\040\000S\000u\000m\000m\000a\000r\000y}{section.8}% 45
\BOOKMARK [1][-]{section.9}{\376\377\000D\000i\000s\000c\000u\000s\000s\000i\000o\000n}{}% 46
\BOOKMARK [2][-]{subsection.9.1}{\376\377\000S\000c\000h\000e\000m\000a\000-\000D\000r\000i\000v\000e\000n\000\040\000D\000e\000s\000i\000g\000n\000\040\000T\000r\000a\000d\000e\000-\000o\000f\000f\000s}{section.9}% 47
\BOOKMARK [2][-]{subsection.9.2}{\376\377\000A\000r\000c\000h\000i\000t\000e\000c\000t\000u\000r\000a\000l\000\040\000C\000o\000v\000e\000r\000a\000g\000e\000\040\000a\000n\000d\000\040\000G\000a\000p\000s}{section.9}% 48
\BOOKMARK [2][-]{subsection.9.3}{\376\377\000O\000p\000t\000i\000m\000i\000z\000e\000r\000\040\000L\000a\000n\000d\000s\000c\000a\000p\000e\000\040\000F\000r\000a\000g\000m\000e\000n\000t\000a\000t\000i\000o\000n}{section.9}% 49
\BOOKMARK [2][-]{subsection.9.4}{\376\377\000D\000e\000p\000l\000o\000y\000m\000e\000n\000t\000\040\000a\000n\000d\000\040\000P\000r\000o\000d\000u\000c\000t\000i\000o\000n\000\040\000C\000o\000n\000s\000i\000d\000e\000r\000a\000t\000i\000o\000n\000s}{section.9}% 50
\BOOKMARK [2][-]{subsection.9.5}{\376\377\000I\000n\000t\000e\000g\000r\000a\000t\000i\000o\000n\000\040\000a\000n\000d\000\040\000E\000x\000t\000e\000n\000s\000i\000b\000i\000l\000i\000t\000y\000\040\000C\000h\000a\000l\000l\000e\000n\000g\000e\000s}{section.9}% 51
\BOOKMARK [1][-]{section.10}{\376\377\000C\000o\000n\000c\000l\000u\000s\000i\000o\000n}{}% 52
\BOOKMARK [2][-]{subsection.10.1}{\376\377\000L\000i\000m\000i\000t\000a\000t\000i\000o\000n\000s\000\040\000a\000n\000d\000\040\000F\000u\000t\000u\000r\000e\000\040\000D\000i\000r\000e\000c\000t\000i\000o\000n\000s}{section.10}% 53
\BOOKMARK [1][-]{section*.20}{\376\377\000B\000i\000b\000l\000i\000o\000g\000r\000a\000p\000h\000y}{}% 54
\BOOKMARK [1][-]{appendix.A}{\376\377\000A\000n\000n\000e\000x\000\040\000A\000:\000\040\000O\000p\000t\000i\000m\000i\000z\000e\000r\000\040\000F\000a\000m\000i\000l\000i\000e\000s}{}% 55
\BOOKMARK [2][-]{subsection.A.1}{\376\377\000M\000e\000m\000o\000r\000y\000\040\000a\000n\000d\000\040\000C\000o\000m\000p\000l\000e\000x\000i\000t\000y\000\040\000C\000o\000m\000p\000a\000r\000i\000s\000o\000n}{appendix.A}% 56
\BOOKMARK [2][-]{subsection.A.2}{\376\377\000T\000h\000e\000\040\000E\000v\000o\000l\000u\000t\000i\000o\000n\000\040\000o\000f\000\040\000O\000p\000t\000i\000m\000i\000z\000a\000t\000i\000o\000n\000\040\000i\000n\000\040\000N\000e\000u\000r\000a\000l\000\040\000N\000e\000t\000w\000o\000r\000k\000s}{appendix.A}% 57
\BOOKMARK [2][-]{subsection.A.3}{\376\377\000S\000t\000a\000n\000d\000a\000r\000d\000\040\000B\000a\000s\000e\000l\000i\000n\000e\000\040\000a\000n\000d\000\040\000A\000d\000a\000p\000t\000i\000v\000e\000\040\000O\000p\000t\000i\000m\000i\000z\000e\000r\000s}{appendix.A}% 58
\BOOKMARK [2][-]{subsection.A.4}{\376\377\000A\000d\000v\000a\000n\000c\000e\000d\000\040\000M\000o\000m\000e\000n\000t\000u\000m\000\040\000a\000n\000d\000\040\000V\000a\000r\000i\000a\000n\000c\000e\000\040\000R\000e\000d\000u\000c\000t\000i\000o\000n\000\040\000\050\0002\0000\0002\0004\040\023\0002\0000\0002\0005\000\051}{appendix.A}% 59
\BOOKMARK [2][-]{subsection.A.5}{\376\377\000L\000a\000r\000g\000e\000-\000B\000a\000t\000c\000h\000,\000\040\000M\000e\000m\000o\000r\000y\000-\000E\000f\000f\000i\000c\000i\000e\000n\000t\000,\000\040\000a\000n\000d\000\040\000P\000a\000r\000a\000m\000e\000t\000e\000r\000-\000F\000r\000e\000e\000\040\000O\000p\000t\000i\000m\000i\000z\000e\000r\000s}{appendix.A}% 60
\BOOKMARK [2][-]{subsection.A.6}{\376\377\000S\000e\000c\000o\000n\000d\000-\000O\000r\000d\000e\000r\000,\000\040\000G\000e\000o\000m\000e\000t\000r\000i\000c\000,\000\040\000a\000n\000d\000\040\000O\000r\000t\000h\000o\000g\000o\000n\000a\000l\000i\000t\000y\000\040\000O\000p\000t\000i\000m\000i\000z\000e\000r\000s}{appendix.A}% 61
\BOOKMARK [1][-]{appendix.B}{\376\377\000A\000n\000n\000e\000x\000\040\000B\000:\000\040\000D\000e\000n\000s\000e\000,\000\040\000R\000e\000c\000u\000r\000r\000e\000n\000t\000,\000\040\000a\000n\000d\000\040\000M\000e\000m\000o\000r\000y\000-\000A\000u\000g\000m\000e\000n\000t\000e\000d\000\040\000T\000r\000a\000n\000s\000f\000o\000r\000m\000e\000r\000s}{}% 62
\BOOKMARK [2][-]{subsection.B.1}{\376\377\000D\000e\000n\000s\000e\000\040\000A\000t\000t\000e\000n\000t\000i\000o\000n\000\040\000B\000a\000s\000e\000l\000i\000n\000e\000s\000:\000\040\000S\000t\000a\000n\000d\000a\000r\000d\000\040\000a\000n\000d\000\040\000S\000i\000g\000m\000o\000i\000d}{appendix.B}% 63
\BOOKMARK [3][-]{subsubsection.B.1.1}{\376\377\000S\000t\000a\000n\000d\000a\000r\000d\000\040\000S\000o\000f\000t\000m\000a\000x\000\040\000A\000t\000t\000e\000n\000t\000i\000o\000n}{subsection.B.1}% 64
\BOOKMARK [3][-]{subsubsection.B.1.2}{\376\377\000S\000i\000g\000m\000o\000i\000d\000\040\000A\000t\000t\000e\000n\000t\000i\000o\000n}{subsection.B.1}% 65
\BOOKMARK [2][-]{subsection.B.2}{\376\377\000R\000e\000c\000u\000r\000r\000e\000n\000t\000\040\000a\000n\000d\000\040\000R\000e\000t\000e\000n\000t\000i\000v\000e\000\040\000A\000r\000c\000h\000i\000t\000e\000c\000t\000u\000r\000e\000s}{appendix.B}% 66
\BOOKMARK [3][-]{subsubsection.B.2.1}{\376\377\000R\000e\000t\000e\000n\000t\000i\000v\000e\000\040\000N\000e\000t\000w\000o\000r\000k\000s\000\040\000\050\000R\000e\000t\000N\000e\000t\000\051}{subsection.B.2}% 67
\BOOKMARK [3][-]{subsubsection.B.2.2}{\376\377\000M\000a\000m\000b\000a\000:\000\040\000S\000e\000l\000e\000c\000t\000i\000v\000e\000\040\000S\000t\000a\000t\000e\000-\000S\000p\000a\000c\000e\000\040\000M\000o\000d\000e\000l\000s}{subsection.B.2}% 68
\BOOKMARK [2][-]{subsection.B.3}{\376\377\000C\000o\000n\000t\000i\000n\000u\000o\000u\000s\000-\000D\000e\000p\000t\000h\000\040\000T\000r\000a\000n\000s\000f\000o\000r\000m\000e\000r\000s\000:\000\040\000O\000D\000E\000\040\000I\000n\000t\000e\000g\000r\000a\000t\000i\000o\000n}{appendix.B}% 69
\BOOKMARK [3][-]{subsubsection.B.3.1}{\376\377\000O\000D\000E\000\040\000T\000r\000a\000n\000s\000f\000o\000r\000m\000e\000r}{subsection.B.3}% 70
\BOOKMARK [2][-]{subsection.B.4}{\376\377\000T\000e\000s\000t\000-\000T\000i\000m\000e\000\040\000M\000e\000m\000o\000r\000y\000:\000\040\000T\000i\000t\000a\000n\000s}{appendix.B}% 71
\BOOKMARK [2][-]{subsection.B.5}{\376\377\000A\000r\000c\000h\000i\000t\000e\000c\000t\000u\000r\000a\000l\000\040\000C\000o\000m\000p\000a\000r\000i\000s\000o\000n\000\040\000a\000n\000d\000\040\000S\000y\000n\000t\000h\000e\000s\000i\000s}{appendix.B}% 72
\BOOKMARK [1][-]{appendix.C}{\376\377\000A\000n\000n\000e\000x\000\040\000C\000:\000\040\000C\000o\000m\000p\000r\000e\000h\000e\000n\000s\000i\000v\000e\000\040\000S\000p\000a\000r\000s\000e\000\040\000A\000t\000t\000e\000n\000t\000i\000o\000n\000\040\000M\000e\000c\000h\000a\000n\000i\000s\000m\000s}{}% 73
\BOOKMARK [2][-]{subsection.C.1}{\376\377\000E\000x\000e\000c\000u\000t\000i\000v\000e\000\040\000S\000u\000m\000m\000a\000r\000y}{appendix.C}% 74
\BOOKMARK [2][-]{subsection.C.2}{\376\377\000S\000p\000a\000r\000s\000e\000\040\000T\000r\000a\000n\000s\000f\000o\000r\000m\000e\000r\000:\000\040\000F\000a\000c\000t\000o\000r\000i\000z\000e\000d\000\040\000S\000t\000r\000i\000d\000e\000d\000\040\000a\000n\000d\000\040\000F\000i\000x\000e\000d\000\040\000P\000a\000t\000t\000e\000r\000n\000s}{appendix.C}% 75
\BOOKMARK [3][-]{subsubsection.C.2.1}{\376\377\000M\000a\000t\000h\000e\000m\000a\000t\000i\000c\000a\000l\000\040\000F\000o\000r\000m\000u\000l\000a\000t\000i\000o\000n}{subsection.C.2}% 76
\BOOKMARK [3][-]{subsubsection.C.2.2}{\376\377\000A\000l\000g\000o\000r\000i\000t\000h\000m\000i\000c\000\040\000P\000s\000e\000u\000d\000o\000c\000o\000d\000e}{subsection.C.2}% 77
\BOOKMARK [3][-]{subsubsection.C.2.3}{\376\377\000K\000e\000y\000\040\000C\000h\000a\000r\000a\000c\000t\000e\000r\000i\000s\000t\000i\000c\000s}{subsection.C.2}% 78
\BOOKMARK [2][-]{subsection.C.3}{\376\377\000L\000o\000n\000g\000f\000o\000r\000m\000e\000r\000:\000\040\000S\000l\000i\000d\000i\000n\000g\000\040\000W\000i\000n\000d\000o\000w\000,\000\040\000D\000i\000l\000a\000t\000i\000o\000n\000,\000\040\000a\000n\000d\000\040\000G\000l\000o\000b\000a\000l\000\040\000T\000o\000k\000e\000n\000s}{appendix.C}% 79
\BOOKMARK [3][-]{subsubsection.C.3.1}{\376\377\000M\000a\000t\000h\000e\000m\000a\000t\000i\000c\000a\000l\000\040\000F\000o\000r\000m\000u\000l\000a\000t\000i\000o\000n}{subsection.C.3}% 80
\BOOKMARK [3][-]{subsubsection.C.3.2}{\376\377\000A\000l\000g\000o\000r\000i\000t\000h\000m\000i\000c\000\040\000P\000s\000e\000u\000d\000o\000c\000o\000d\000e}{subsection.C.3}% 81
\BOOKMARK [3][-]{subsubsection.C.3.3}{\376\377\000K\000e\000y\000\040\000C\000h\000a\000r\000a\000c\000t\000e\000r\000i\000s\000t\000i\000c\000s}{subsection.C.3}% 82
\BOOKMARK [2][-]{subsection.C.4}{\376\377\000B\000i\000g\000B\000i\000r\000d\000:\000\040\000R\000a\000n\000d\000o\000m\000,\000\040\000L\000o\000c\000a\000l\000,\000\040\000a\000n\000d\000\040\000G\000l\000o\000b\000a\000l\000\040\000S\000p\000a\000r\000s\000e\000\040\000G\000r\000a\000p\000h}{appendix.C}% 83
\BOOKMARK [3][-]{subsubsection.C.4.1}{\376\377\000M\000a\000t\000h\000e\000m\000a\000t\000i\000c\000a\000l\000\040\000F\000o\000r\000m\000u\000l\000a\000t\000i\000o\000n}{subsection.C.4}% 84
\BOOKMARK [3][-]{subsubsection.C.4.2}{\376\377\000T\000h\000e\000o\000r\000e\000t\000i\000c\000a\000l\000\040\000G\000u\000a\000r\000a\000n\000t\000e\000e}{subsection.C.4}% 85
\BOOKMARK [3][-]{subsubsection.C.4.3}{\376\377\000A\000l\000g\000o\000r\000i\000t\000h\000m\000i\000c\000\040\000P\000s\000e\000u\000d\000o\000c\000o\000d\000e}{subsection.C.4}% 86
\BOOKMARK [3][-]{subsubsection.C.4.4}{\376\377\000K\000e\000y\000\040\000C\000h\000a\000r\000a\000c\000t\000e\000r\000i\000s\000t\000i\000c\000s}{subsection.C.4}% 87
\BOOKMARK [2][-]{subsection.C.5}{\376\377\000S\000p\000a\000r\000s\000e\000K\000\040\000A\000t\000t\000e\000n\000t\000i\000o\000n\000:\000\040\000D\000i\000f\000f\000e\000r\000e\000n\000t\000i\000a\000b\000l\000e\000\040\000T\000o\000p\000-\000k\000\040\000S\000e\000l\000e\000c\000t\000i\000o\000n}{appendix.C}% 88
\BOOKMARK [3][-]{subsubsection.C.5.1}{\376\377\000M\000a\000t\000h\000e\000m\000a\000t\000i\000c\000a\000l\000\040\000F\000o\000r\000m\000u\000l\000a\000t\000i\000o\000n}{subsection.C.5}% 89
\BOOKMARK [3][-]{subsubsection.C.5.2}{\376\377\000A\000l\000g\000o\000r\000i\000t\000h\000m\000i\000c\000\040\000P\000s\000e\000u\000d\000o\000c\000o\000d\000e}{subsection.C.5}% 90
\BOOKMARK [3][-]{subsubsection.C.5.3}{\376\377\000K\000e\000y\000\040\000C\000h\000a\000r\000a\000c\000t\000e\000r\000i\000s\000t\000i\000c\000s}{subsection.C.5}% 91
\BOOKMARK [2][-]{subsection.C.6}{\376\377\000N\000S\000A\000\040\000\050\000N\000a\000t\000i\000v\000e\000\040\000S\000p\000a\000r\000s\000e\000\040\000A\000t\000t\000e\000n\000t\000i\000o\000n\000\051\000:\000\040\000H\000a\000r\000d\000w\000a\000r\000e\000-\000A\000l\000i\000g\000n\000e\000d\000\040\000H\000i\000e\000r\000a\000r\000c\000h\000i\000c\000a\000l\000\040\000B\000r\000a\000n\000c\000h\000e\000s}{appendix.C}% 92
\BOOKMARK [3][-]{subsubsection.C.6.1}{\376\377\000M\000a\000t\000h\000e\000m\000a\000t\000i\000c\000a\000l\000\040\000F\000o\000r\000m\000u\000l\000a\000t\000i\000o\000n}{subsection.C.6}% 93
\BOOKMARK [3][-]{subsubsection.C.6.2}{\376\377\000A\000l\000g\000o\000r\000i\000t\000h\000m\000i\000c\000\040\000P\000s\000e\000u\000d\000o\000c\000o\000d\000e}{subsection.C.6}% 94
\BOOKMARK [3][-]{subsubsection.C.6.3}{\376\377\000K\000e\000y\000\040\000C\000h\000a\000r\000a\000c\000t\000e\000r\000i\000s\000t\000i\000c\000s}{subsection.C.6}% 95
\BOOKMARK [2][-]{subsection.C.7}{\376\377\000F\000A\000S\000A\000:\000\040\000F\000r\000e\000q\000u\000e\000n\000c\000y\000-\000A\000w\000a\000r\000e\000\040\000S\000p\000a\000r\000s\000e\000\040\000A\000t\000t\000e\000n\000t\000i\000o\000n}{appendix.C}% 96
\BOOKMARK [3][-]{subsubsection.C.7.1}{\376\377\000M\000a\000t\000h\000e\000m\000a\000t\000i\000c\000a\000l\000\040\000F\000o\000r\000m\000u\000l\000a\000t\000i\000o\000n}{subsection.C.7}% 97
\BOOKMARK [3][-]{subsubsection.C.7.2}{\376\377\000A\000l\000g\000o\000r\000i\000t\000h\000m\000i\000c\000\040\000P\000s\000e\000u\000d\000o\000c\000o\000d\000e}{subsection.C.7}% 98
\BOOKMARK [3][-]{subsubsection.C.7.3}{\376\377\000K\000e\000y\000\040\000C\000h\000a\000r\000a\000c\000t\000e\000r\000i\000s\000t\000i\000c\000s}{subsection.C.7}% 99
\BOOKMARK [2][-]{subsection.C.8}{\376\377\000S\000p\000a\000r\000g\000e\000A\000t\000t\000n\000:\000\040\000T\000w\000o\000-\000S\000t\000a\000g\000e\000\040\000B\000l\000o\000c\000k\000-\000L\000e\000v\000e\000l\000\040\000F\000i\000l\000t\000e\000r\000i\000n\000g}{appendix.C}% 100
\BOOKMARK [3][-]{subsubsection.C.8.1}{\376\377\000M\000a\000t\000h\000e\000m\000a\000t\000i\000c\000a\000l\000\040\000F\000o\000r\000m\000u\000l\000a\000t\000i\000o\000n}{subsection.C.8}% 101
\BOOKMARK [3][-]{subsubsection.C.8.2}{\376\377\000A\000l\000g\000o\000r\000i\000t\000h\000m\000i\000c\000\040\000P\000s\000e\000u\000d\000o\000c\000o\000d\000e}{subsection.C.8}% 102
\BOOKMARK [3][-]{subsubsection.C.8.3}{\376\377\000K\000e\000y\000\040\000C\000h\000a\000r\000a\000c\000t\000e\000r\000i\000s\000t\000i\000c\000s}{subsection.C.8}% 103
\BOOKMARK [2][-]{subsection.C.9}{\376\377\000C\000o\000m\000p\000a\000r\000a\000t\000i\000v\000e\000\040\000S\000u\000m\000m\000a\000r\000y}{appendix.C}% 104
\BOOKMARK [2][-]{subsection.C.10}{\376\377\000D\000e\000s\000i\000g\000n\000\040\000S\000p\000a\000c\000e\000\040\000a\000n\000d\000\040\000S\000e\000l\000e\000c\000t\000i\000o\000n\000\040\000C\000r\000i\000t\000e\000r\000i\000a}{appendix.C}% 105
\BOOKMARK [1][-]{appendix.D}{\376\377\000A\000n\000n\000e\000x\000\040\000D\000:\000\040\000G\000a\000t\000e\000d\000\040\000A\000t\000t\000e\000n\000t\000i\000o\000n\000\040\000F\000a\000m\000i\000l\000i\000e\000s\040\024\000C\000o\000m\000p\000l\000e\000t\000e\000\040\000L\000i\000t\000e\000r\000a\000t\000u\000r\000e\000\040\000A\000n\000a\000l\000y\000s\000i\000s}{}% 106
\BOOKMARK [2][-]{subsection.D.1}{\376\377\000E\000x\000e\000c\000u\000t\000i\000v\000e\000\040\000S\000u\000m\000m\000a\000r\000y\000:\000\040\000G\000a\000t\000i\000n\000g\000\040\000f\000o\000r\000\040\000M\000e\000m\000o\000r\000y\000\040\000C\000o\000n\000t\000r\000o\000l}{appendix.D}% 107
\BOOKMARK [2][-]{subsection.D.2}{\376\377\0001\000.\000\040\000G\000a\000t\000e\000d\000\040\000L\000i\000n\000e\000a\000r\000\040\000A\000t\000t\000e\000n\000t\000i\000o\000n\000\040\000\050\000G\000L\000A\000\051}{appendix.D}% 108
\BOOKMARK [3][-]{subsubsection.D.2.1}{\376\377\000M\000a\000t\000h\000e\000m\000a\000t\000i\000c\000a\000l\000\040\000F\000o\000u\000n\000d\000a\000t\000i\000o\000n}{subsection.D.2}% 109
\BOOKMARK [3][-]{subsubsection.D.2.2}{\376\377\000H\000a\000r\000d\000w\000a\000r\000e\000-\000E\000f\000f\000i\000c\000i\000e\000n\000t\000\040\000T\000r\000a\000i\000n\000i\000n\000g}{subsection.D.2}% 110
\BOOKMARK [3][-]{subsubsection.D.2.3}{\376\377\000S\000t\000r\000e\000n\000g\000t\000h\000s\000\040\000a\000n\000d\000\040\000L\000i\000m\000i\000t\000a\000t\000i\000o\000n\000s}{subsection.D.2}% 111
\BOOKMARK [2][-]{subsection.D.3}{\376\377\0002\000.\000\040\000D\000e\000l\000t\000a\000N\000e\000t\000:\000\040\000E\000r\000r\000o\000r\000-\000C\000o\000r\000r\000e\000c\000t\000i\000n\000g\000\040\000L\000i\000n\000e\000a\000r\000\040\000A\000t\000t\000e\000n\000t\000i\000o\000n}{appendix.D}% 112
\BOOKMARK [3][-]{subsubsection.D.3.1}{\376\377\000M\000a\000t\000h\000e\000m\000a\000t\000i\000c\000a\000l\000\040\000F\000o\000u\000n\000d\000a\000t\000i\000o\000n}{subsection.D.3}% 113
\BOOKMARK [3][-]{subsubsection.D.3.2}{\376\377\000E\000f\000f\000i\000c\000i\000e\000n\000t\000\040\000P\000a\000r\000a\000l\000l\000e\000l\000\040\000T\000r\000a\000i\000n\000i\000n\000g}{subsection.D.3}% 114
\BOOKMARK [3][-]{subsubsection.D.3.3}{\376\377\000S\000t\000r\000e\000n\000g\000t\000h\000s\000\040\000a\000n\000d\000\040\000L\000i\000m\000i\000t\000a\000t\000i\000o\000n\000s}{subsection.D.3}% 115
\BOOKMARK [2][-]{subsection.D.4}{\376\377\0003\000.\000\040\000G\000a\000t\000e\000d\000\040\000D\000e\000l\000t\000a\000N\000e\000t\000:\000\040\000S\000y\000n\000t\000h\000e\000s\000i\000s\000\040\000o\000f\000\040\000G\000a\000t\000i\000n\000g\000\040\000a\000n\000d\000\040\000E\000r\000r\000o\000r\000\040\000C\000o\000r\000r\000e\000c\000t\000i\000o\000n}{appendix.D}% 116
\BOOKMARK [3][-]{subsubsection.D.4.1}{\376\377\000M\000a\000t\000h\000e\000m\000a\000t\000i\000c\000a\000l\000\040\000F\000o\000u\000n\000d\000a\000t\000i\000o\000n}{subsection.D.4}% 117
\BOOKMARK [3][-]{subsubsection.D.4.2}{\376\377\000E\000m\000p\000i\000r\000i\000c\000a\000l\000\040\000P\000e\000r\000f\000o\000r\000m\000a\000n\000c\000e\000\040\000a\000n\000d\000\040\000T\000r\000a\000d\000e\000-\000o\000f\000f\000s}{subsection.D.4}% 118
\BOOKMARK [2][-]{subsection.D.5}{\376\377\0004\000.\000\040\000H\000G\000R\000N\0002\000:\000\040\000H\000i\000e\000r\000a\000r\000c\000h\000i\000c\000a\000l\000\040\000G\000a\000t\000i\000n\000g\000\040\000w\000i\000t\000h\000\040\000O\000u\000t\000e\000r\000-\000P\000r\000o\000d\000u\000c\000t\000\040\000E\000x\000p\000a\000n\000s\000i\000o\000n}{appendix.D}% 119
\BOOKMARK [3][-]{subsubsection.D.5.1}{\376\377\000M\000a\000t\000h\000e\000m\000a\000t\000i\000c\000a\000l\000\040\000F\000o\000u\000n\000d\000a\000t\000i\000o\000n}{subsection.D.5}% 120
\BOOKMARK [3][-]{subsubsection.D.5.2}{\376\377\000S\000c\000a\000l\000i\000n\000g\000\040\000a\000n\000d\000\040\000E\000m\000p\000i\000r\000i\000c\000a\000l\000\040\000R\000e\000s\000u\000l\000t\000s}{subsection.D.5}% 121
\BOOKMARK [2][-]{subsection.D.6}{\376\377\0005\000.\000\040\000F\000o\000r\000g\000e\000t\000t\000i\000n\000g\000\040\000T\000r\000a\000n\000s\000f\000o\000r\000m\000e\000r\000\040\000\050\000F\000o\000X\000\051\000:\000\040\000G\000a\000t\000i\000n\000g\000\040\000i\000n\000\040\000S\000o\000f\000t\000m\000a\000x\000\040\000L\000o\000g\000i\000t\000\040\000S\000p\000a\000c\000e}{appendix.D}% 122
\BOOKMARK [3][-]{subsubsection.D.6.1}{\376\377\000M\000a\000t\000h\000e\000m\000a\000t\000i\000c\000a\000l\000\040\000F\000o\000u\000n\000d\000a\000t\000i\000o\000n}{subsection.D.6}% 123
\BOOKMARK [3][-]{subsubsection.D.6.2}{\376\377\000I\000n\000t\000e\000g\000r\000a\000t\000i\000o\000n\000\040\000w\000i\000t\000h\000\040\000F\000l\000a\000s\000h\000A\000t\000t\000e\000n\000t\000i\000o\000n}{subsection.D.6}% 124
\BOOKMARK [3][-]{subsubsection.D.6.3}{\376\377\000S\000t\000r\000e\000n\000g\000t\000h\000s\000\040\000a\000n\000d\000\040\000L\000i\000m\000i\000t\000a\000t\000i\000o\000n\000s}{subsection.D.6}% 125
\BOOKMARK [2][-]{subsection.D.7}{\376\377\0006\000.\000\040\000G\000a\000t\000e\000d\000\040\000A\000t\000t\000e\000n\000t\000i\000o\000n\000\040\000\050\000P\000o\000s\000t\000-\000S\000D\000P\000A\000\040\000S\000i\000g\000m\000o\000i\000d\000\040\000G\000a\000t\000i\000n\000g\000\051}{appendix.D}% 126
\BOOKMARK [3][-]{subsubsection.D.7.1}{\376\377\000M\000a\000t\000h\000e\000m\000a\000t\000i\000c\000a\000l\000\040\000F\000o\000u\000n\000d\000a\000t\000i\000o\000n}{subsection.D.7}% 127
\BOOKMARK [3][-]{subsubsection.D.7.2}{\376\377\000K\000e\000y\000\040\000F\000i\000n\000d\000i\000n\000g\000s}{subsection.D.7}% 128
\BOOKMARK [2][-]{subsection.D.8}{\376\377\000C\000o\000m\000p\000a\000r\000a\000t\000i\000v\000e\000\040\000A\000n\000a\000l\000y\000s\000i\000s\000:\000\040\000T\000a\000x\000o\000n\000o\000m\000y\000\040\000o\000f\000\040\000G\000a\000t\000e\000d\000\040\000M\000e\000c\000h\000a\000n\000i\000s\000m\000s}{appendix.D}% 129
\BOOKMARK [2][-]{subsection.D.9}{\376\377\000U\000n\000i\000f\000i\000e\000d\000\040\000G\000a\000t\000i\000n\000g\000\040\000P\000r\000i\000n\000c\000i\000p\000l\000e}{appendix.D}% 130
\BOOKMARK [2][-]{subsection.D.10}{\376\377\000I\000m\000p\000l\000e\000m\000e\000n\000t\000a\000t\000i\000o\000n\000\040\000a\000n\000d\000\040\000P\000r\000a\000c\000t\000i\000c\000a\000l\000\040\000G\000u\000i\000d\000a\000n\000c\000e}{appendix.D}% 131
\BOOKMARK [3][-]{subsubsection.D.10.1}{\376\377\000W\000h\000e\000n\000\040\000t\000o\000\040\000U\000s\000e\000\040\000E\000a\000c\000h\000\040\000A\000r\000c\000h\000i\000t\000e\000c\000t\000u\000r\000e}{subsection.D.10}% 132
\BOOKMARK [3][-]{subsubsection.D.10.2}{\376\377\000H\000a\000r\000d\000w\000a\000r\000e\000\040\000C\000o\000n\000s\000i\000d\000e\000r\000a\000t\000i\000o\000n\000s}{subsection.D.10}% 133
\BOOKMARK [1][-]{appendix.E}{\376\377\000A\000n\000n\000e\000x\000\040\000E\000:\000\040\000C\000o\000n\000c\000e\000p\000t\000u\000a\000l\000\040\000I\000n\000t\000r\000o\000d\000u\000c\000t\000i\000o\000n\040\024\000T\000r\000a\000n\000s\000f\000o\000r\000m\000e\000r\000s\000\040\000a\000n\000d\000\040\000A\000t\000t\000e\000n\000t\000i\000o\000n\000\040\000f\000o\000r\000\040\000B\000e\000g\000i\000n\000n\000e\000r\000s}{}% 134
\BOOKMARK [2][-]{subsection.E.1}{\376\377\000W\000h\000a\000t\000\040\000i\000s\000\040\000a\000\040\000T\000r\000a\000n\000s\000f\000o\000r\000m\000e\000r\000?}{appendix.E}% 135
\BOOKMARK [2][-]{subsection.E.2}{\376\377\000T\000h\000e\000\040\000A\000t\000t\000e\000n\000t\000i\000o\000n\000\040\000M\000e\000c\000h\000a\000n\000i\000s\000m\000:\000\040\000A\000n\000\040\000A\000n\000a\000l\000o\000g\000y}{appendix.E}% 136
\BOOKMARK [2][-]{subsection.E.3}{\376\377\000P\000r\000a\000c\000t\000i\000c\000a\000l\000\040\000E\000x\000a\000m\000p\000l\000e\000\040\000S\000t\000e\000p\000-\000b\000y\000-\000S\000t\000e\000p}{appendix.E}% 137
\BOOKMARK [3][-]{subsubsection.E.3.1}{\376\377\000C\000o\000n\000t\000e\000x\000t\000\040\0001\000:\000\040\000`\000`\000T\000h\000e\000\040\000c\000a\000t\000\040\000e\000a\000t\000s\000\040\000f\000i\000s\000h\000'\000'}{subsection.E.3}% 138
\BOOKMARK [3][-]{subsubsection.E.3.2}{\376\377\000C\000o\000n\000t\000e\000x\000t\000\040\0002\000:\000\040\000`\000`\000T\000h\000e\000\040\000r\000e\000s\000t\000a\000u\000r\000a\000n\000t\000\040\000e\000a\000t\000s\000\040\000i\000n\000t\000o\000\040\000p\000r\000o\000f\000i\000t\000\040\000m\000a\000r\000g\000i\000n\000s\000'\000'}{subsection.E.3}% 139
\BOOKMARK [2][-]{subsection.E.4}{\376\377\000H\000o\000w\000\040\000A\000t\000t\000e\000n\000t\000i\000o\000n\000\040\000W\000o\000r\000k\000s\000\040\000M\000a\000t\000h\000e\000m\000a\000t\000i\000c\000a\000l\000l\000y\000\040\000\050\000S\000i\000m\000p\000l\000e\000\040\000V\000e\000r\000s\000i\000o\000n\000\051}{appendix.E}% 140
\BOOKMARK [3][-]{subsubsection.E.4.1}{\376\377\000S\000t\000e\000p\000\040\0001\000:\000\040\000Q\000u\000e\000r\000i\000e\000s\000,\000\040\000K\000e\000y\000s\000,\000\040\000a\000n\000d\000\040\000V\000a\000l\000u\000e\000s}{subsection.E.4}% 141
\BOOKMARK [3][-]{subsubsection.E.4.2}{\376\377\000S\000t\000e\000p\000\040\0002\000:\000\040\000C\000o\000m\000p\000a\000t\000i\000b\000i\000l\000i\000t\000y}{subsection.E.4}% 142
\BOOKMARK [3][-]{subsubsection.E.4.3}{\376\377\000S\000t\000e\000p\000\040\0003\000:\000\040\000F\000o\000c\000u\000s}{subsection.E.4}% 143
\BOOKMARK [3][-]{subsubsection.E.4.4}{\376\377\000S\000t\000e\000p\000\040\0004\000:\000\040\000C\000o\000m\000b\000i\000n\000e}{subsection.E.4}% 144
\BOOKMARK [2][-]{subsection.E.5}{\376\377\000M\000u\000l\000t\000i\000p\000l\000e\000\040\000A\000t\000t\000e\000n\000t\000i\000o\000n\000\040\000H\000e\000a\000d\000s\000:\000\040\000M\000u\000l\000t\000i\000p\000l\000e\000\040\000P\000e\000r\000s\000p\000e\000c\000t\000i\000v\000e\000s}{appendix.E}% 145
\BOOKMARK [2][-]{subsection.E.6}{\376\377\000S\000t\000a\000c\000k\000i\000n\000g\000\040\000L\000a\000y\000e\000r\000s}{appendix.E}% 146
\BOOKMARK [2][-]{subsection.E.7}{\376\377\000W\000h\000y\000\040\000D\000o\000e\000s\000\040\000I\000t\000\040\000M\000a\000t\000t\000e\000r\000?}{appendix.E}% 147
\BOOKMARK [2][-]{subsection.E.8}{\376\377\000P\000r\000a\000c\000t\000i\000c\000a\000l\000\040\000C\000h\000a\000l\000l\000e\000n\000g\000e\000s}{appendix.E}% 148
\BOOKMARK [3][-]{subsubsection.E.8.1}{\376\377\000C\000o\000m\000p\000u\000t\000a\000t\000i\000o\000n\000a\000l\000\040\000C\000o\000m\000p\000l\000e\000x\000i\000t\000y}{subsection.E.8}% 149
\BOOKMARK [3][-]{subsubsection.E.8.2}{\376\377\000M\000e\000m\000o\000r\000y\000\040\000R\000e\000q\000u\000i\000r\000e\000m\000e\000n\000t\000s}{subsection.E.8}% 150
\BOOKMARK [3][-]{subsubsection.E.8.3}{\376\377\000D\000e\000v\000i\000c\000e\000\040\000E\000f\000f\000i\000c\000i\000e\000n\000c\000y}{subsection.E.8}% 151
\BOOKMARK [2][-]{subsection.E.9}{\376\377\000M\000o\000d\000e\000r\000n\000\040\000S\000o\000l\000u\000t\000i\000o\000n\000s}{appendix.E}% 152
\BOOKMARK [2][-]{subsection.E.10}{\376\377\000K\000e\000y\000\040\000T\000a\000k\000e\000a\000w\000a\000y\000s}{appendix.E}% 153
