\BOOKMARK [1][-]{section.1}{\376\377\000I\000n\000t\000r\000o\000d\000u\000c\000c\000i\000\363\000n}{}% 1
\BOOKMARK [2][-]{subsection.1.1}{\376\377\000M\000o\000t\000i\000v\000a\000c\000i\000\363\000n\000\040\000y\000\040\000P\000l\000a\000n\000t\000e\000a\000m\000i\000e\000n\000t\000o\000\040\000d\000e\000l\000\040\000P\000r\000o\000b\000l\000e\000m\000a}{section.1}% 2
\BOOKMARK [2][-]{subsection.1.2}{\376\377\000C\000o\000n\000t\000r\000i\000b\000u\000c\000i\000o\000n\000e\000s}{section.1}% 3
\BOOKMARK [2][-]{subsection.1.3}{\376\377\000G\000u\000\355\000a\000\040\000d\000e\000\040\000L\000e\000c\000t\000u\000r\000a}{section.1}% 4
\BOOKMARK [2][-]{subsection.1.4}{\376\377\000C\000o\000n\000s\000t\000r\000u\000c\000t\000o\000r\000\040\000d\000e\000\040\000C\000o\000n\000f\000i\000g\000u\000r\000a\000c\000i\000\363\000n\000\040\000B\000a\000s\000a\000d\000o\000\040\000e\000n\000\040\000W\000e\000b}{section.1}% 5
\BOOKMARK [1][-]{section.2}{\376\377\000T\000r\000a\000b\000a\000j\000o\000\040\000R\000e\000l\000a\000c\000i\000o\000n\000a\000d\000o}{}% 6
\BOOKMARK [2][-]{subsection.2.1}{\376\377\000A\000r\000q\000u\000i\000t\000e\000c\000t\000u\000r\000a\000s\000\040\000d\000e\000\040\000M\000e\000z\000c\000l\000a\000d\000o\000r\000e\000s\000\040\000d\000e\000\040\000S\000e\000c\000u\000e\000n\000c\000i\000a}{section.2}% 7
\BOOKMARK [3][-]{subsubsection.2.1.1}{\376\377\000L\000\355\000n\000e\000a\000s\000\040\000B\000a\000s\000e\000\040\000d\000e\000\040\000A\000t\000e\000n\000c\000i\000\363\000n\000\040\000D\000e\000n\000s\000a}{subsection.2.1}% 8
\BOOKMARK [3][-]{subsubsection.2.1.2}{\376\377\000A\000r\000q\000u\000i\000t\000e\000c\000t\000u\000r\000a\000s\000\040\000R\000e\000c\000u\000r\000r\000e\000n\000t\000e\000s\000\040\000y\000\040\000R\000e\000t\000e\000n\000t\000i\000v\000a\000s}{subsection.2.1}% 9
\BOOKMARK [3][-]{subsubsection.2.1.3}{\376\377\000M\000e\000c\000a\000n\000i\000s\000m\000o\000s\000\040\000d\000e\000\040\000A\000t\000e\000n\000c\000i\000\363\000n\000\040\000D\000i\000s\000p\000e\000r\000s\000a}{subsection.2.1}% 10
\BOOKMARK [3][-]{subsubsection.2.1.4}{\376\377\000M\000e\000c\000a\000n\000i\000s\000m\000o\000s\000\040\000d\000e\000\040\000A\000t\000e\000n\000c\000i\000\363\000n\000\040\000c\000o\000n\000\040\000C\000o\000m\000p\000u\000e\000r\000t\000a}{subsection.2.1}% 11
\BOOKMARK [2][-]{subsection.2.2}{\376\377\000A\000l\000g\000o\000r\000i\000t\000m\000o\000s\000\040\000d\000e\000\040\000O\000p\000t\000i\000m\000i\000z\000a\000c\000i\000\363\000n}{section.2}% 12
\BOOKMARK [1][-]{section.3}{\376\377\000D\000i\000s\000e\000\361\000o\000\040\000y\000\040\000A\000r\000q\000u\000i\000t\000e\000c\000t\000u\000r\000a\000\040\000d\000e\000l\000\040\000S\000i\000s\000t\000e\000m\000a}{}% 13
\BOOKMARK [2][-]{subsection.3.1}{\376\377\000A\000r\000q\000u\000i\000t\000e\000c\000t\000u\000r\000a\000\040\000C\000e\000n\000t\000r\000a\000d\000a\000\040\000e\000n\000\040\000C\000o\000n\000f\000i\000g\000u\000r\000a\000c\000i\000\363\000n}{section.3}% 14
\BOOKMARK [2][-]{subsection.3.2}{\376\377\000A\000l\000c\000a\000n\000c\000e\000\040\000d\000e\000l\000\040\000E\000s\000q\000u\000e\000m\000a\000\040\000y\000\040\000R\000e\000g\000l\000a\000s\000\040\000d\000e\000\040\000V\000a\000l\000i\000d\000a\000c\000i\000\363\000n}{section.3}% 15
\BOOKMARK [2][-]{subsection.3.3}{\376\377\000I\000n\000v\000e\000n\000t\000a\000r\000i\000o\000\040\000C\000o\000m\000p\000l\000e\000t\000o\000\040\000d\000e\000\040\000C\000a\000r\000a\000c\000t\000e\000r\000\355\000s\000t\000i\000c\000a\000s\000\040\000d\000e\000l\000\040\000M\000o\000d\000e\000l\000o}{section.3}% 16
\BOOKMARK [2][-]{subsection.3.4}{\376\377\000T\000i\000p\000o\000s\000\040\000d\000e\000\040\000T\000a\000r\000e\000a\000\040\000d\000e\000\040\000E\000n\000t\000r\000e\000n\000a\000m\000i\000e\000n\000t\000o}{section.3}% 17
\BOOKMARK [2][-]{subsection.3.5}{\376\377\000I\000n\000v\000e\000n\000t\000a\000r\000i\000o\000\040\000C\000o\000m\000p\000l\000e\000t\000o\000\040\000d\000e\000\040\000C\000a\000r\000a\000c\000t\000e\000r\000\355\000s\000t\000i\000c\000a\000s\000\040\000d\000e\000\040\000E\000n\000t\000r\000e\000n\000a\000m\000i\000e\000n\000t\000o}{section.3}% 18
\BOOKMARK [2][-]{subsection.3.6}{\376\377\000C\000o\000n\000t\000r\000a\000t\000o\000\040\000d\000e\000\040\000P\000r\000e\000f\000i\000j\000o\000\040\000d\000e\000l\000\040\000O\000p\000t\000i\000m\000i\000z\000a\000d\000o\000r\000\040\000\050\000C\000o\000m\000p\000l\000e\000t\000o\000\051}{section.3}% 19
\BOOKMARK [2][-]{subsection.3.7}{\376\377\000S\000e\000g\000u\000r\000i\000d\000a\000d\000\040\000d\000e\000\040\000E\000n\000t\000r\000e\000n\000a\000m\000i\000e\000n\000t\000o\000\040\000y\000\040\000S\000e\000m\000\341\000n\000t\000i\000c\000a\000\040\000d\000e\000\040\000E\000j\000e\000c\000u\000c\000i\000\363\000n}{section.3}% 20
\BOOKMARK [2][-]{subsection.3.8}{\376\377\000V\000a\000r\000i\000a\000n\000t\000e\000s\000\040\000d\000e\000\040\000N\000o\000r\000m\000a\000l\000i\000z\000a\000c\000i\000\363\000n\000:\000\040\000R\000M\000S\000N\000o\000r\000m\000,\000\040\000T\000a\000n\000h\000\040\000D\000i\000n\000\341\000m\000i\000c\000o\000\040\000y\000\040\000E\000r\000f\000\040\000D\000i\000n\000\341\000m\000i\000c\000o}{section.3}% 21
\BOOKMARK [2][-]{subsection.3.9}{\376\377\000R\000M\000S\000N\000o\000r\000m}{section.3}% 22
\BOOKMARK [2][-]{subsection.3.10}{\376\377\000T\000a\000n\000h\000\040\000D\000i\000n\000\341\000m\000i\000c\000o\000\040\000\050\000D\000y\000T\000\051}{section.3}% 23
\BOOKMARK [2][-]{subsection.3.11}{\376\377\000E\000r\000f\000\040\000D\000i\000n\000\341\000m\000i\000c\000o\000\040\000\050\000D\000e\000r\000f\000\051}{section.3}% 24
\BOOKMARK [2][-]{subsection.3.12}{\376\377\000I\000m\000p\000l\000i\000c\000a\000c\000i\000o\000n\000e\000s\000\040\000d\000e\000l\000\040\000E\000s\000q\000u\000e\000m\000a}{section.3}% 25
\BOOKMARK [1][-]{section.4}{\376\377\000T\000a\000x\000o\000n\000o\000m\000\355\000a\000\040\000d\000e\000\040\000A\000r\000q\000u\000i\000t\000e\000c\000t\000u\000r\000a\000\040\000e\000\040\000I\000m\000p\000l\000e\000m\000e\000n\000t\000a\000c\000i\000\363\000n}{}% 26
\BOOKMARK [2][-]{subsection.4.1}{\376\377\000F\000a\000m\000i\000l\000i\000a\000s\000\040\000d\000e\000\040\000A\000t\000e\000n\000c\000i\000\363\000n\000\040\000y\000\040\000M\000e\000z\000c\000l\000a\000d\000o\000r\000e\000s\000\040\000d\000e\000\040\000S\000e\000c\000u\000e\000n\000c\000i\000a\000s}{section.4}% 27
\BOOKMARK [2][-]{subsection.4.2}{\376\377\000A\000t\000e\000n\000c\000i\000\363\000n\000\040\000E\000s\000t\000\341\000n\000d\000a\000r}{section.4}% 28
\BOOKMARK [2][-]{subsection.4.3}{\376\377\000A\000t\000e\000n\000c\000i\000\363\000n\000\040\000S\000i\000g\000m\000o\000i\000d\000e}{section.4}% 29
\BOOKMARK [2][-]{subsection.4.4}{\376\377\000F\000o\000r\000m\000u\000l\000a\000c\000i\000\363\000n\000\040\000R\000e\000t\000e\000n\000t\000i\000v\000a}{section.4}% 30
\BOOKMARK [2][-]{subsection.4.5}{\376\377\000S\000S\000M\000\040\000S\000e\000l\000e\000c\000t\000i\000v\000o\000\040\000\050\000M\000a\000m\000b\000a\000\051}{section.4}% 31
\BOOKMARK [2][-]{subsection.4.6}{\376\377\000A\000c\000t\000u\000a\000l\000i\000z\000a\000c\000i\000o\000n\000e\000s\000\040\000C\000o\000n\000t\000i\000n\000u\000a\000s\000\040\000e\000s\000t\000i\000l\000o\000\040\000O\000D\000E}{section.4}% 32
\BOOKMARK [2][-]{subsection.4.7}{\376\377\000M\000e\000m\000o\000r\000i\000a\000\040\000e\000n\000\040\000T\000i\000e\000m\000p\000o\000\040\000d\000e\000\040\000P\000r\000u\000e\000b\000a\000\040\000\050\000T\000i\000t\000a\000n\000s\000\051}{section.4}% 33
\BOOKMARK [2][-]{subsection.4.8}{\376\377\000E\000x\000t\000e\000n\000s\000i\000o\000n\000e\000s\000\040\000D\000i\000s\000p\000e\000r\000s\000a\000s\000\040\000y\000\040\000c\000o\000n\000\040\000C\000o\000m\000p\000u\000e\000r\000t\000a\000\040\000e\000n\000\040\000e\000l\000\040\000C\000\363\000d\000i\000g\000o\000\040\000B\000a\000s\000e\000\040\000A\000c\000t\000u\000a\000l}{section.4}% 34
\BOOKMARK [2][-]{subsection.4.9}{\376\377\000B\000l\000o\000q\000u\000e\000s\000\040\000d\000e\000\040\000A\000t\000e\000n\000c\000i\000\363\000n\000\040\000D\000i\000s\000p\000e\000r\000s\000a\000\040\000I\000m\000p\000l\000e\000m\000e\000n\000t\000a\000d\000o\000s\000\040\000\050\000D\000e\000t\000a\000l\000l\000a\000d\000o\000\051}{section.4}% 35
\BOOKMARK [2][-]{subsection.4.10}{\376\377\000B\000l\000o\000q\000u\000e\000s\000\040\000d\000e\000\040\000A\000t\000e\000n\000c\000i\000\363\000n\000\040\000c\000o\000n\000\040\000C\000o\000m\000p\000u\000e\000r\000t\000a\000\040\000I\000m\000p\000l\000e\000m\000e\000n\000t\000a\000d\000o\000s\000\040\000\050\000D\000e\000t\000a\000l\000l\000a\000d\000o\000\051}{section.4}% 36
\BOOKMARK [1][-]{section.5}{\376\377\000F\000a\000m\000i\000l\000i\000a\000s\000\040\000d\000e\000\040\000O\000p\000t\000i\000m\000i\000z\000a\000d\000o\000r\000e\000s\000\040\000y\000\040\000D\000i\000n\000\341\000m\000i\000c\000a\000s\000\040\000d\000e\000\040\000E\000n\000t\000r\000e\000n\000a\000m\000i\000e\000n\000t\000o}{}% 37
\BOOKMARK [1][-]{section.6}{\376\377\000C\000u\000a\000n\000t\000i\000z\000a\000c\000i\000\363\000n\000\040\000y\000\040\000D\000e\000s\000p\000l\000i\000e\000g\000u\000e}{}% 38
\BOOKMARK [2][-]{subsection.6.1}{\376\377\000C\000u\000a\000n\000t\000i\000z\000a\000c\000i\000\363\000n\000\040\000T\000e\000r\000n\000a\000r\000i\000a}{section.6}% 39
\BOOKMARK [2][-]{subsection.6.2}{\376\377\000C\000u\000a\000n\000t\000i\000z\000a\000c\000i\000\363\000n\000\040\000d\000e\000\040\000A\000c\000t\000i\000v\000a\000c\000i\000o\000n\000e\000s}{section.6}% 40
\BOOKMARK [2][-]{subsection.6.3}{\376\377\000E\000s\000t\000i\000m\000a\000c\000i\000o\000n\000e\000s\000\040\000d\000e\000\040\000T\000a\000m\000a\000\361\000o}{section.6}% 41
\BOOKMARK [1][-]{section.7}{\376\377\000T\000a\000r\000e\000a\000s\000\040\000P\000o\000s\000t\000e\000r\000i\000o\000r\000e\000s\000\040\000d\000e\000\040\000S\000B\000E\000R\000T}{}% 42
\BOOKMARK [1][-]{section.8}{\376\377\000T\000a\000b\000l\000a\000s\000\040\000R\000e\000s\000u\000m\000e\000n}{}% 43
\BOOKMARK [2][-]{subsection.8.1}{\376\377\000R\000e\000s\000u\000m\000e\000n\000\040\000d\000e\000\040\000A\000t\000e\000n\000c\000i\000\363\000n\000\040\000y\000\040\000M\000e\000z\000c\000l\000a\000d\000o\000r\000e\000s\000\040\000d\000e\000\040\000S\000e\000c\000u\000e\000n\000c\000i\000a}{section.8}% 44
\BOOKMARK [2][-]{subsection.8.2}{\376\377\000R\000e\000s\000u\000m\000e\000n\000\040\000d\000e\000\040\000O\000p\000t\000i\000m\000i\000z\000a\000d\000o\000r\000e\000s}{section.8}% 45
\BOOKMARK [1][-]{section.9}{\376\377\000D\000i\000s\000c\000u\000s\000i\000\363\000n}{}% 46
\BOOKMARK [2][-]{subsection.9.1}{\376\377\000C\000o\000m\000p\000r\000o\000m\000i\000s\000o\000s\000\040\000d\000e\000\040\000D\000i\000s\000e\000\361\000o\000\040\000B\000a\000s\000a\000d\000o\000\040\000e\000n\000\040\000E\000s\000q\000u\000e\000m\000a\000s}{section.9}% 47
\BOOKMARK [2][-]{subsection.9.2}{\376\377\000C\000o\000b\000e\000r\000t\000u\000r\000a\000\040\000A\000r\000q\000u\000i\000t\000e\000c\000t\000\363\000n\000i\000c\000a\000\040\000y\000\040\000V\000a\000c\000\355\000o\000s}{section.9}% 48
\BOOKMARK [2][-]{subsection.9.3}{\376\377\000F\000r\000a\000g\000m\000e\000n\000t\000a\000c\000i\000\363\000n\000\040\000d\000e\000l\000\040\000P\000a\000n\000o\000r\000a\000m\000a\000\040\000d\000e\000\040\000O\000p\000t\000i\000m\000i\000z\000a\000d\000o\000r\000e\000s}{section.9}% 49
\BOOKMARK [2][-]{subsection.9.4}{\376\377\000C\000o\000n\000s\000i\000d\000e\000r\000a\000c\000i\000o\000n\000e\000s\000\040\000d\000e\000\040\000D\000e\000s\000p\000l\000i\000e\000g\000u\000e\000\040\000y\000\040\000P\000r\000o\000d\000u\000c\000c\000i\000\363\000n}{section.9}% 50
\BOOKMARK [2][-]{subsection.9.5}{\376\377\000D\000e\000s\000a\000f\000\355\000o\000s\000\040\000d\000e\000\040\000I\000n\000t\000e\000g\000r\000a\000c\000i\000\363\000n\000\040\000y\000\040\000E\000x\000t\000e\000n\000s\000i\000b\000i\000l\000i\000d\000a\000d}{section.9}% 51
\BOOKMARK [1][-]{section.10}{\376\377\000C\000o\000n\000c\000l\000u\000s\000i\000\363\000n}{}% 52
\BOOKMARK [2][-]{subsection.10.1}{\376\377\000L\000i\000m\000i\000t\000a\000c\000i\000o\000n\000e\000s\000\040\000y\000\040\000D\000i\000r\000e\000c\000c\000i\000o\000n\000e\000s\000\040\000F\000u\000t\000u\000r\000a\000s}{section.10}% 53
\BOOKMARK [1][-]{section*.20}{\376\377\000B\000i\000b\000l\000i\000o\000g\000r\000a\000f\000\355\000a}{}% 54
\BOOKMARK [1][-]{appendix.Alph1}{\376\377\000A\000n\000e\000x\000o\000\040\000A\000:\000\040\000F\000a\000m\000i\000l\000i\000a\000s\000\040\000d\000e\000\040\000O\000p\000t\000i\000m\000i\000z\000a\000d\000o\000r\000e\000s}{}% 55
\BOOKMARK [2][-]{subsection.Alph1.1}{\376\377\000C\000o\000m\000p\000a\000r\000a\000c\000i\000\363\000n\000\040\000d\000e\000\040\000M\000e\000m\000o\000r\000i\000a\000\040\000y\000\040\000C\000o\000m\000p\000l\000e\000j\000i\000d\000a\000d}{appendix.Alph1}% 56
\BOOKMARK [2][-]{subsection.Alph1.2}{\376\377\000L\000a\000\040\000E\000v\000o\000l\000u\000c\000i\000\363\000n\000\040\000d\000e\000\040\000l\000a\000\040\000O\000p\000t\000i\000m\000i\000z\000a\000c\000i\000\363\000n\000\040\000e\000n\000\040\000R\000e\000d\000e\000s\000\040\000N\000e\000u\000r\000o\000n\000a\000l\000e\000s}{appendix.Alph1}% 57
\BOOKMARK [2][-]{subsection.Alph1.3}{\376\377\000L\000\355\000n\000e\000a\000\040\000B\000a\000s\000e\000\040\000E\000s\000t\000\341\000n\000d\000a\000r\000\040\000y\000\040\000O\000p\000t\000i\000m\000i\000z\000a\000d\000o\000r\000e\000s\000\040\000A\000d\000a\000p\000t\000a\000t\000i\000v\000o\000s}{appendix.Alph1}% 58
\BOOKMARK [2][-]{subsection.Alph1.4}{\376\377\000M\000o\000m\000e\000n\000t\000u\000m\000\040\000A\000v\000a\000n\000z\000a\000d\000o\000\040\000y\000\040\000R\000e\000d\000u\000c\000c\000i\000\363\000n\000\040\000d\000e\000\040\000V\000a\000r\000i\000a\000n\000z\000a\000\040\000\050\0002\0000\0002\0004\040\023\0002\0000\0002\0005\000\051}{appendix.Alph1}% 59
\BOOKMARK [2][-]{subsection.Alph1.5}{\376\377\000O\000p\000t\000i\000m\000i\000z\000a\000d\000o\000r\000e\000s\000\040\000d\000e\000\040\000L\000o\000t\000e\000\040\000G\000r\000a\000n\000d\000e\000,\000\040\000E\000f\000i\000c\000i\000e\000n\000t\000e\000s\000\040\000e\000n\000\040\000M\000e\000m\000o\000r\000i\000a\000\040\000y\000\040\000S\000i\000n\000\040\000T\000a\000s\000a\000\040\000d\000e\000\040\000A\000p\000r\000e\000n\000d\000i\000z\000a\000j\000e}{appendix.Alph1}% 60
\BOOKMARK [2][-]{subsection.Alph1.6}{\376\377\000O\000p\000t\000i\000m\000i\000z\000a\000d\000o\000r\000e\000s\000\040\000d\000e\000\040\000S\000e\000g\000u\000n\000d\000o\000\040\000O\000r\000d\000e\000n\000,\000\040\000G\000e\000o\000m\000\351\000t\000r\000i\000c\000o\000s\000\040\000y\000\040\000d\000e\000\040\000O\000r\000t\000o\000g\000o\000n\000a\000l\000i\000d\000a\000d}{appendix.Alph1}% 61
\BOOKMARK [1][-]{appendix.Alph2}{\376\377\000A\000n\000e\000x\000o\000\040\000B\000:\000\040\000T\000r\000a\000n\000s\000f\000o\000r\000m\000a\000d\000o\000r\000e\000s\000\040\000D\000e\000n\000s\000o\000s\000,\000\040\000R\000e\000c\000u\000r\000r\000e\000n\000t\000e\000s\000\040\000y\000\040\000A\000u\000m\000e\000n\000t\000a\000d\000o\000s\000\040\000c\000o\000n\000\040\000M\000e\000m\000o\000r\000i\000a}{}% 62
\BOOKMARK [2][-]{subsection.Alph2.1}{\376\377\000A\000t\000e\000n\000c\000i\000\363\000n\000\040\000D\000e\000n\000s\000a\000\040\000d\000e\000\040\000R\000e\000f\000e\000r\000e\000n\000c\000i\000a\000:\000\040\000E\000s\000t\000\341\000n\000d\000a\000r\000\040\000y\000\040\000S\000i\000g\000m\000o\000i\000d\000e}{appendix.Alph2}% 63
\BOOKMARK [3][-]{subsubsection.Alph2.1.1}{\376\377\000A\000t\000e\000n\000c\000i\000\363\000n\000\040\000S\000o\000f\000t\000m\000a\000x\000\040\000E\000s\000t\000\341\000n\000d\000a\000r}{subsection.Alph2.1}% 64
\BOOKMARK [3][-]{subsubsection.Alph2.1.2}{\376\377\000A\000t\000e\000n\000c\000i\000\363\000n\000\040\000S\000i\000g\000m\000o\000i\000d\000e}{subsection.Alph2.1}% 65
\BOOKMARK [2][-]{subsection.Alph2.2}{\376\377\000A\000r\000q\000u\000i\000t\000e\000c\000t\000u\000r\000a\000s\000\040\000R\000e\000c\000u\000r\000r\000e\000n\000t\000e\000s\000\040\000y\000\040\000R\000e\000t\000e\000n\000t\000i\000v\000a\000s}{appendix.Alph2}% 66
\BOOKMARK [3][-]{subsubsection.Alph2.2.1}{\376\377\000R\000e\000d\000e\000s\000\040\000R\000e\000t\000e\000n\000t\000i\000v\000a\000s\000\040\000\050\000R\000e\000t\000N\000e\000t\000\051}{subsection.Alph2.2}% 67
\BOOKMARK [3][-]{subsubsection.Alph2.2.2}{\376\377\000M\000a\000m\000b\000a\000:\000\040\000M\000o\000d\000e\000l\000o\000s\000\040\000d\000e\000\040\000E\000s\000p\000a\000c\000i\000o\000\040\000d\000e\000\040\000E\000s\000t\000a\000d\000o\000\040\000S\000e\000l\000e\000c\000t\000i\000v\000o\000s}{subsection.Alph2.2}% 68
\BOOKMARK [2][-]{subsection.Alph2.3}{\376\377\000T\000r\000a\000n\000s\000f\000o\000r\000m\000e\000r\000s\000\040\000d\000e\000\040\000P\000r\000o\000f\000u\000n\000d\000i\000d\000a\000d\000\040\000C\000o\000n\000t\000i\000n\000u\000a\000:\000\040\000I\000n\000t\000e\000g\000r\000a\000c\000i\000\363\000n\000\040\000E\000D\000O}{appendix.Alph2}% 69
\BOOKMARK [3][-]{subsubsection.Alph2.3.1}{\376\377\000T\000r\000a\000n\000s\000f\000o\000r\000m\000e\000r\000\040\000E\000D\000O}{subsection.Alph2.3}% 70
\BOOKMARK [2][-]{subsection.Alph2.4}{\376\377\000M\000e\000m\000o\000r\000i\000a\000\040\000e\000n\000\040\000T\000i\000e\000m\000p\000o\000\040\000d\000e\000\040\000P\000r\000u\000e\000b\000a\000:\000\040\000T\000i\000t\000a\000n\000s}{appendix.Alph2}% 71
\BOOKMARK [2][-]{subsection.Alph2.5}{\376\377\000C\000o\000m\000p\000a\000r\000a\000c\000i\000\363\000n\000\040\000y\000\040\000S\000\355\000n\000t\000e\000s\000i\000s\000\040\000A\000r\000q\000u\000i\000t\000e\000c\000t\000\363\000n\000i\000c\000a}{appendix.Alph2}% 72
\BOOKMARK [1][-]{appendix.Alph3}{\376\377\000A\000n\000n\000e\000x\000\040\000C\000:\000\040\000C\000o\000m\000p\000r\000e\000h\000e\000n\000s\000i\000v\000e\000\040\000S\000p\000a\000r\000s\000e\000\040\000A\000t\000t\000e\000n\000t\000i\000o\000n\000\040\000M\000e\000c\000h\000a\000n\000i\000s\000m\000s}{}% 73
\BOOKMARK [2][-]{subsection.Alph3.1}{\376\377\000R\000e\000s\000u\000m\000e\000n\000\040\000E\000j\000e\000c\000u\000t\000i\000v\000o}{appendix.Alph3}% 74
\BOOKMARK [2][-]{subsection.Alph3.2}{\376\377\000S\000p\000a\000r\000s\000e\000\040\000T\000r\000a\000n\000s\000f\000o\000r\000m\000e\000r\000:\000\040\000P\000a\000t\000r\000o\000n\000e\000s\000\040\000E\000s\000t\000r\000i\000d\000e\000a\000d\000o\000s\000\040\000y\000\040\000F\000i\000j\000o\000s\000\040\000F\000a\000c\000t\000o\000r\000i\000z\000a\000d\000o\000s}{appendix.Alph3}% 75
\BOOKMARK [3][-]{subsubsection.Alph3.2.1}{\376\377\000F\000o\000r\000m\000u\000l\000a\000c\000i\000\363\000n\000\040\000M\000a\000t\000e\000m\000\341\000t\000i\000c\000a}{subsection.Alph3.2}% 76
\BOOKMARK [3][-]{subsubsection.Alph3.2.2}{\376\377\000P\000s\000e\000u\000d\000o\000c\000\363\000d\000i\000g\000o\000\040\000A\000l\000g\000o\000r\000\355\000t\000m\000i\000c\000o}{subsection.Alph3.2}% 77
\BOOKMARK [3][-]{subsubsection.Alph3.2.3}{\376\377\000C\000a\000r\000a\000c\000t\000e\000r\000\355\000s\000t\000i\000c\000a\000s\000\040\000C\000l\000a\000v\000e}{subsection.Alph3.2}% 78
\BOOKMARK [2][-]{subsection.Alph3.3}{\376\377\000L\000o\000n\000g\000f\000o\000r\000m\000e\000r\000:\000\040\000V\000e\000n\000t\000a\000n\000a\000\040\000D\000e\000s\000l\000i\000z\000a\000n\000t\000e\000,\000\040\000D\000i\000l\000a\000t\000a\000c\000i\000\363\000n\000\040\000y\000\040\000T\000o\000k\000e\000n\000s\000\040\000G\000l\000o\000b\000a\000l\000e\000s}{appendix.Alph3}% 79
\BOOKMARK [3][-]{subsubsection.Alph3.3.1}{\376\377\000F\000o\000r\000m\000u\000l\000a\000c\000i\000\363\000n\000\040\000M\000a\000t\000e\000m\000\341\000t\000i\000c\000a}{subsection.Alph3.3}% 80
\BOOKMARK [3][-]{subsubsection.Alph3.3.2}{\376\377\000P\000s\000e\000u\000d\000o\000c\000\363\000d\000i\000g\000o\000\040\000A\000l\000g\000o\000r\000\355\000t\000m\000i\000c\000o}{subsection.Alph3.3}% 81
\BOOKMARK [3][-]{subsubsection.Alph3.3.3}{\376\377\000C\000a\000r\000a\000c\000t\000e\000r\000\355\000s\000t\000i\000c\000a\000s\000\040\000C\000l\000a\000v\000e}{subsection.Alph3.3}% 82
\BOOKMARK [2][-]{subsection.Alph3.4}{\376\377\000B\000i\000g\000B\000i\000r\000d\000:\000\040\000G\000r\000a\000f\000o\000\040\000D\000i\000s\000p\000e\000r\000s\000o\000\040\000A\000l\000e\000a\000t\000o\000r\000i\000o\000,\000\040\000L\000o\000c\000a\000l\000\040\000y\000\040\000G\000l\000o\000b\000a\000l}{appendix.Alph3}% 83
\BOOKMARK [3][-]{subsubsection.Alph3.4.1}{\376\377\000F\000o\000r\000m\000u\000l\000a\000c\000i\000\363\000n\000\040\000M\000a\000t\000e\000m\000\341\000t\000i\000c\000a}{subsection.Alph3.4}% 84
\BOOKMARK [3][-]{subsubsection.Alph3.4.2}{\376\377\000G\000a\000r\000a\000n\000t\000\355\000a\000\040\000T\000e\000\363\000r\000i\000c\000a}{subsection.Alph3.4}% 85
\BOOKMARK [3][-]{subsubsection.Alph3.4.3}{\376\377\000P\000s\000e\000u\000d\000o\000c\000\363\000d\000i\000g\000o\000\040\000A\000l\000g\000o\000r\000\355\000t\000m\000i\000c\000o}{subsection.Alph3.4}% 86
\BOOKMARK [3][-]{subsubsection.Alph3.4.4}{\376\377\000C\000a\000r\000a\000c\000t\000e\000r\000\355\000s\000t\000i\000c\000a\000s\000\040\000C\000l\000a\000v\000e}{subsection.Alph3.4}% 87
\BOOKMARK [2][-]{subsection.Alph3.5}{\376\377\000A\000t\000e\000n\000c\000i\000\363\000n\000\040\000S\000p\000a\000r\000s\000e\000K\000:\000\040\000S\000e\000l\000e\000c\000c\000i\000\363\000n\000\040\000D\000i\000f\000e\000r\000e\000n\000c\000i\000a\000l\000\040\000T\000o\000p\000-\000k}{appendix.Alph3}% 88
\BOOKMARK [3][-]{subsubsection.Alph3.5.1}{\376\377\000F\000o\000r\000m\000u\000l\000a\000c\000i\000\363\000n\000\040\000M\000a\000t\000e\000m\000\341\000t\000i\000c\000a}{subsection.Alph3.5}% 89
\BOOKMARK [3][-]{subsubsection.Alph3.5.2}{\376\377\000P\000s\000e\000u\000d\000o\000c\000\363\000d\000i\000g\000o\000\040\000A\000l\000g\000o\000r\000\355\000t\000m\000i\000c\000o}{subsection.Alph3.5}% 90
\BOOKMARK [3][-]{subsubsection.Alph3.5.3}{\376\377\000C\000a\000r\000a\000c\000t\000e\000r\000\355\000s\000t\000i\000c\000a\000s\000\040\000C\000l\000a\000v\000e}{subsection.Alph3.5}% 91
\BOOKMARK [2][-]{subsection.Alph3.6}{\376\377\000N\000S\000A\000\040\000\050\000N\000a\000t\000i\000v\000e\000\040\000S\000p\000a\000r\000s\000e\000\040\000A\000t\000t\000e\000n\000t\000i\000o\000n\000\051\000:\000\040\000R\000a\000m\000a\000s\000\040\000J\000e\000r\000\341\000r\000q\000u\000i\000c\000a\000s\000\040\000A\000l\000i\000n\000e\000a\000d\000a\000s\000\040\000c\000o\000n\000\040\000e\000l\000\040\000H\000a\000r\000d\000w\000a\000r\000e}{appendix.Alph3}% 92
\BOOKMARK [3][-]{subsubsection.Alph3.6.1}{\376\377\000F\000o\000r\000m\000u\000l\000a\000c\000i\000\363\000n\000\040\000M\000a\000t\000e\000m\000\341\000t\000i\000c\000a}{subsection.Alph3.6}% 93
\BOOKMARK [3][-]{subsubsection.Alph3.6.2}{\376\377\000P\000s\000e\000u\000d\000o\000c\000\363\000d\000i\000g\000o\000\040\000A\000l\000g\000o\000r\000\355\000t\000m\000i\000c\000o}{subsection.Alph3.6}% 94
\BOOKMARK [3][-]{subsubsection.Alph3.6.3}{\376\377\000C\000a\000r\000a\000c\000t\000e\000r\000\355\000s\000t\000i\000c\000a\000s\000\040\000C\000l\000a\000v\000e}{subsection.Alph3.6}% 95
\BOOKMARK [2][-]{subsection.Alph3.7}{\376\377\000F\000A\000S\000A\000:\000\040\000A\000t\000e\000n\000c\000i\000\363\000n\000\040\000D\000i\000s\000p\000e\000r\000s\000a\000\040\000C\000o\000n\000s\000c\000i\000e\000n\000t\000e\000\040\000d\000e\000\040\000l\000a\000\040\000F\000r\000e\000c\000u\000e\000n\000c\000i\000a}{appendix.Alph3}% 96
\BOOKMARK [3][-]{subsubsection.Alph3.7.1}{\376\377\000F\000o\000r\000m\000u\000l\000a\000c\000i\000\363\000n\000\040\000M\000a\000t\000e\000m\000\341\000t\000i\000c\000a}{subsection.Alph3.7}% 97
\BOOKMARK [3][-]{subsubsection.Alph3.7.2}{\376\377\000P\000s\000e\000u\000d\000o\000c\000\363\000d\000i\000g\000o\000\040\000A\000l\000g\000o\000r\000\355\000t\000m\000i\000c\000o}{subsection.Alph3.7}% 98
\BOOKMARK [3][-]{subsubsection.Alph3.7.3}{\376\377\000C\000a\000r\000a\000c\000t\000e\000r\000\355\000s\000t\000i\000c\000a\000s\000\040\000C\000l\000a\000v\000e}{subsection.Alph3.7}% 99
\BOOKMARK [2][-]{subsection.Alph3.8}{\376\377\000S\000p\000a\000r\000g\000e\000A\000t\000t\000n\000:\000\040\000F\000i\000l\000t\000r\000a\000d\000o\000\040\000d\000e\000\040\000D\000o\000s\000\040\000E\000t\000a\000p\000a\000s\000\040\000a\000\040\000N\000i\000v\000e\000l\000\040\000d\000e\000\040\000B\000l\000o\000q\000u\000e\000s}{appendix.Alph3}% 100
\BOOKMARK [3][-]{subsubsection.Alph3.8.1}{\376\377\000F\000o\000r\000m\000u\000l\000a\000c\000i\000\363\000n\000\040\000M\000a\000t\000e\000m\000\341\000t\000i\000c\000a}{subsection.Alph3.8}% 101
\BOOKMARK [3][-]{subsubsection.Alph3.8.2}{\376\377\000P\000s\000e\000u\000d\000o\000c\000\363\000d\000i\000g\000o\000\040\000A\000l\000g\000o\000r\000\355\000t\000m\000i\000c\000o}{subsection.Alph3.8}% 102
\BOOKMARK [3][-]{subsubsection.Alph3.8.3}{\376\377\000C\000a\000r\000a\000c\000t\000e\000r\000\355\000s\000t\000i\000c\000a\000s\000\040\000C\000l\000a\000v\000e}{subsection.Alph3.8}% 103
\BOOKMARK [2][-]{subsection.Alph3.9}{\376\377\000R\000e\000s\000u\000m\000e\000n\000\040\000C\000o\000m\000p\000a\000r\000a\000t\000i\000v\000o}{appendix.Alph3}% 104
\BOOKMARK [2][-]{subsection.Alph3.10}{\376\377\000E\000s\000p\000a\000c\000i\000o\000\040\000d\000e\000\040\000D\000i\000s\000e\000\361\000o\000\040\000y\000\040\000C\000r\000i\000t\000e\000r\000i\000o\000s\000\040\000d\000e\000\040\000S\000e\000l\000e\000c\000c\000i\000\363\000n}{appendix.Alph3}% 105
\BOOKMARK [1][-]{appendix.Alph4}{\376\377\000A\000n\000n\000e\000x\000\040\000D\000:\000\040\000G\000a\000t\000e\000d\000\040\000A\000t\000t\000e\000n\000t\000i\000o\000n\000\040\000F\000a\000m\000i\000l\000i\000e\000s\040\024\000C\000o\000m\000p\000l\000e\000t\000e\000\040\000L\000i\000t\000e\000r\000a\000t\000u\000r\000e\000\040\000A\000n\000a\000l\000y\000s\000i\000s}{}% 106
\BOOKMARK [2][-]{subsection.Alph4.1}{\376\377\000R\000e\000s\000u\000m\000e\000n\000\040\000E\000j\000e\000c\000u\000t\000i\000v\000o\000:\000\040\000C\000o\000m\000p\000u\000e\000r\000t\000a\000s\000\040\000p\000a\000r\000a\000\040\000e\000l\000\040\000C\000o\000n\000t\000r\000o\000l\000\040\000d\000e\000\040\000M\000e\000m\000o\000r\000i\000a}{appendix.Alph4}% 107
\BOOKMARK [2][-]{subsection.Alph4.2}{\376\377\0001\000.\000\040\000A\000t\000e\000n\000c\000i\000\363\000n\000\040\000L\000i\000n\000e\000a\000l\000\040\000c\000o\000n\000\040\000C\000o\000m\000p\000u\000e\000r\000t\000a\000\040\000\050\000G\000L\000A\000\051}{appendix.Alph4}% 108
\BOOKMARK [3][-]{subsubsection.Alph4.2.1}{\376\377\000F\000u\000n\000d\000a\000m\000e\000n\000t\000o\000\040\000M\000a\000t\000e\000m\000\341\000t\000i\000c\000o}{subsection.Alph4.2}% 109
\BOOKMARK [3][-]{subsubsection.Alph4.2.2}{\376\377\000E\000n\000t\000r\000e\000n\000a\000m\000i\000e\000n\000t\000o\000\040\000E\000f\000i\000c\000i\000e\000n\000t\000e\000\040\000e\000n\000\040\000H\000a\000r\000d\000w\000a\000r\000e}{subsection.Alph4.2}% 110
\BOOKMARK [3][-]{subsubsection.Alph4.2.3}{\376\377\000F\000o\000r\000t\000a\000l\000e\000z\000a\000s\000\040\000y\000\040\000L\000i\000m\000i\000t\000a\000c\000i\000o\000n\000e\000s}{subsection.Alph4.2}% 111
\BOOKMARK [2][-]{subsection.Alph4.3}{\376\377\0002\000.\000\040\000D\000e\000l\000t\000a\000N\000e\000t\000:\000\040\000A\000t\000e\000n\000c\000i\000\363\000n\000\040\000L\000i\000n\000e\000a\000l\000\040\000c\000o\000n\000\040\000C\000o\000r\000r\000e\000c\000c\000i\000\363\000n\000\040\000d\000e\000\040\000E\000r\000r\000o\000r\000e\000s}{appendix.Alph4}% 112
\BOOKMARK [3][-]{subsubsection.Alph4.3.1}{\376\377\000F\000u\000n\000d\000a\000m\000e\000n\000t\000o\000\040\000M\000a\000t\000e\000m\000\341\000t\000i\000c\000o}{subsection.Alph4.3}% 113
\BOOKMARK [3][-]{subsubsection.Alph4.3.2}{\376\377\000E\000n\000t\000r\000e\000n\000a\000m\000i\000e\000n\000t\000o\000\040\000P\000a\000r\000a\000l\000e\000l\000o\000\040\000E\000f\000i\000c\000i\000e\000n\000t\000e}{subsection.Alph4.3}% 114
\BOOKMARK [3][-]{subsubsection.Alph4.3.3}{\376\377\000F\000o\000r\000t\000a\000l\000e\000z\000a\000s\000\040\000y\000\040\000L\000i\000m\000i\000t\000a\000c\000i\000o\000n\000e\000s}{subsection.Alph4.3}% 115
\BOOKMARK [2][-]{subsection.Alph4.4}{\376\377\0003\000.\000\040\000G\000a\000t\000e\000d\000\040\000D\000e\000l\000t\000a\000N\000e\000t\000:\000\040\000S\000\355\000n\000t\000e\000s\000i\000s\000\040\000d\000e\000\040\000C\000o\000m\000p\000u\000e\000r\000t\000a\000\040\000y\000\040\000C\000o\000r\000r\000e\000c\000c\000i\000\363\000n\000\040\000d\000e\000\040\000E\000r\000r\000o\000r\000e\000s}{appendix.Alph4}% 116
\BOOKMARK [3][-]{subsubsection.Alph4.4.1}{\376\377\000F\000u\000n\000d\000a\000m\000e\000n\000t\000o\000\040\000M\000a\000t\000e\000m\000\341\000t\000i\000c\000o}{subsection.Alph4.4}% 117
\BOOKMARK [3][-]{subsubsection.Alph4.4.2}{\376\377\000R\000e\000n\000d\000i\000m\000i\000e\000n\000t\000o\000\040\000E\000m\000p\000\355\000r\000i\000c\000o\000\040\000y\000\040\000C\000o\000m\000p\000e\000n\000s\000a\000c\000i\000o\000n\000e\000s}{subsection.Alph4.4}% 118
\BOOKMARK [2][-]{subsection.Alph4.5}{\376\377\0004\000.\000\040\000H\000G\000R\000N\0002\000:\000\040\000C\000o\000m\000p\000u\000e\000r\000t\000a\000\040\000J\000e\000r\000\341\000r\000q\000u\000i\000c\000a\000\040\000c\000o\000n\000\040\000E\000x\000p\000a\000n\000s\000i\000\363\000n\000\040\000d\000e\000\040\000P\000r\000o\000d\000u\000c\000t\000o\000\040\000E\000x\000t\000e\000r\000n\000o}{appendix.Alph4}% 119
\BOOKMARK [3][-]{subsubsection.Alph4.5.1}{\376\377\000F\000u\000n\000d\000a\000m\000e\000n\000t\000o\000\040\000M\000a\000t\000e\000m\000\341\000t\000i\000c\000o}{subsection.Alph4.5}% 120
\BOOKMARK [3][-]{subsubsection.Alph4.5.2}{\376\377\000E\000s\000c\000a\000l\000a\000d\000o\000\040\000y\000\040\000R\000e\000s\000u\000l\000t\000a\000d\000o\000s\000\040\000E\000m\000p\000\355\000r\000i\000c\000o\000s}{subsection.Alph4.5}% 121
\BOOKMARK [2][-]{subsection.Alph4.6}{\376\377\0005\000.\000\040\000F\000o\000r\000g\000e\000t\000t\000i\000n\000g\000\040\000T\000r\000a\000n\000s\000f\000o\000r\000m\000e\000r\000\040\000\050\000F\000o\000X\000\051\000:\000\040\000C\000o\000m\000p\000u\000e\000r\000t\000a\000\040\000e\000n\000\040\000e\000l\000\040\000E\000s\000p\000a\000c\000i\000o\000\040\000d\000e\000\040\000L\000o\000g\000i\000t\000s\000\040\000S\000o\000f\000t\000m\000a\000x}{appendix.Alph4}% 122
\BOOKMARK [3][-]{subsubsection.Alph4.6.1}{\376\377\000F\000u\000n\000d\000a\000m\000e\000n\000t\000o\000\040\000M\000a\000t\000e\000m\000\341\000t\000i\000c\000o}{subsection.Alph4.6}% 123
\BOOKMARK [3][-]{subsubsection.Alph4.6.2}{\376\377\000I\000n\000t\000e\000g\000r\000a\000c\000i\000\363\000n\000\040\000c\000o\000n\000\040\000F\000l\000a\000s\000h\000A\000t\000t\000e\000n\000t\000i\000o\000n}{subsection.Alph4.6}% 124
\BOOKMARK [3][-]{subsubsection.Alph4.6.3}{\376\377\000F\000o\000r\000t\000a\000l\000e\000z\000a\000s\000\040\000y\000\040\000L\000i\000m\000i\000t\000a\000c\000i\000o\000n\000e\000s}{subsection.Alph4.6}% 125
\BOOKMARK [2][-]{subsection.Alph4.7}{\376\377\0006\000.\000\040\000A\000t\000e\000n\000c\000i\000\363\000n\000\040\000c\000o\000n\000\040\000C\000o\000m\000p\000u\000e\000r\000t\000a\000\040\000\050\000P\000o\000s\000t\000-\000S\000D\000P\000A\000\040\000S\000i\000g\000m\000o\000i\000d\000e\000\051}{appendix.Alph4}% 126
\BOOKMARK [3][-]{subsubsection.Alph4.7.1}{\376\377\000F\000u\000n\000d\000a\000m\000e\000n\000t\000o\000\040\000M\000a\000t\000e\000m\000\341\000t\000i\000c\000o}{subsection.Alph4.7}% 127
\BOOKMARK [3][-]{subsubsection.Alph4.7.2}{\376\377\000H\000a\000l\000l\000a\000z\000g\000o\000s\000\040\000C\000l\000a\000v\000e}{subsection.Alph4.7}% 128
\BOOKMARK [2][-]{subsection.Alph4.8}{\376\377\000A\000n\000\341\000l\000i\000s\000i\000s\000\040\000C\000o\000m\000p\000a\000r\000a\000t\000i\000v\000o\000:\000\040\000T\000a\000x\000o\000n\000o\000m\000\355\000a\000\040\000d\000e\000\040\000M\000e\000c\000a\000n\000i\000s\000m\000o\000s\000\040\000c\000o\000n\000\040\000C\000o\000m\000p\000u\000e\000r\000t\000a}{appendix.Alph4}% 129
\BOOKMARK [2][-]{subsection.Alph4.9}{\376\377\000P\000r\000i\000n\000c\000i\000p\000i\000o\000\040\000U\000n\000i\000f\000i\000c\000a\000d\000o\000\040\000d\000e\000\040\000C\000o\000m\000p\000u\000e\000r\000t\000a}{appendix.Alph4}% 130
\BOOKMARK [2][-]{subsection.Alph4.10}{\376\377\000I\000m\000p\000l\000e\000m\000e\000n\000t\000a\000c\000i\000\363\000n\000\040\000y\000\040\000O\000r\000i\000e\000n\000t\000a\000c\000i\000\363\000n\000\040\000P\000r\000\341\000c\000t\000i\000c\000a}{appendix.Alph4}% 131
\BOOKMARK [3][-]{subsubsection.Alph4.10.1}{\376\377\000C\000u\000\341\000n\000d\000o\000\040\000U\000s\000a\000r\000\040\000C\000a\000d\000a\000\040\000A\000r\000q\000u\000i\000t\000e\000c\000t\000u\000r\000a}{subsection.Alph4.10}% 132
\BOOKMARK [3][-]{subsubsection.Alph4.10.2}{\376\377\000C\000o\000n\000s\000i\000d\000e\000r\000a\000c\000i\000o\000n\000e\000s\000\040\000d\000e\000\040\000H\000a\000r\000d\000w\000a\000r\000e}{subsection.Alph4.10}% 133
\BOOKMARK [1][-]{appendix.Alph5}{\376\377\000A\000n\000n\000e\000x\000\040\000E\000:\000\040\000C\000o\000n\000c\000e\000p\000t\000u\000a\000l\000\040\000I\000n\000t\000r\000o\000d\000u\000c\000t\000i\000o\000n\040\024\000T\000r\000a\000n\000s\000f\000o\000r\000m\000e\000r\000s\000\040\000a\000n\000d\000\040\000A\000t\000t\000e\000n\000t\000i\000o\000n\000\040\000f\000o\000r\000\040\000B\000e\000g\000i\000n\000n\000e\000r\000s}{}% 134
\BOOKMARK [2][-]{subsection.Alph5.1}{\376\377\000\277\000Q\000u\000\351\000\040\000e\000s\000\040\000u\000n\000\040\000T\000r\000a\000n\000s\000f\000o\000r\000m\000e\000r\000?}{appendix.Alph5}% 135
\BOOKMARK [2][-]{subsection.Alph5.2}{\376\377\000E\000l\000\040\000M\000e\000c\000a\000n\000i\000s\000m\000o\000\040\000d\000e\000\040\000A\000t\000e\000n\000c\000i\000\363\000n\000:\000\040\000U\000n\000a\000\040\000A\000n\000a\000l\000o\000g\000\355\000a}{appendix.Alph5}% 136
\BOOKMARK [2][-]{subsection.Alph5.3}{\376\377\000E\000j\000e\000m\000p\000l\000o\000\040\000P\000r\000\341\000c\000t\000i\000c\000o\000\040\000P\000a\000s\000o\000\040\000a\000\040\000P\000a\000s\000o}{appendix.Alph5}% 137
\BOOKMARK [3][-]{subsubsection.Alph5.3.1}{\376\377\000C\000o\000n\000t\000e\000x\000t\000o\000\040\0001\000:\000\040\000`\000`\000E\000l\000\040\000g\000a\000t\000o\000\040\000c\000o\000m\000e\000\040\000p\000e\000s\000c\000a\000d\000o\000'\000'}{subsection.Alph5.3}% 138
\BOOKMARK [3][-]{subsubsection.Alph5.3.2}{\376\377\000C\000o\000n\000t\000e\000x\000t\000o\000\040\0002\000:\000\040\000`\000`\000E\000l\000\040\000r\000e\000s\000t\000a\000u\000r\000a\000n\000t\000e\000\040\000c\000o\000m\000e\000\040\000l\000o\000s\000\040\000m\000\341\000r\000g\000e\000n\000e\000s\000\040\000d\000e\000\040\000b\000e\000n\000e\000f\000i\000c\000i\000o\000'\000'}{subsection.Alph5.3}% 139
\BOOKMARK [2][-]{subsection.Alph5.4}{\376\377\000C\000\363\000m\000o\000\040\000F\000u\000n\000c\000i\000o\000n\000a\000\040\000l\000a\000\040\000A\000t\000e\000n\000c\000i\000\363\000n\000\040\000M\000a\000t\000e\000m\000\341\000t\000i\000c\000a\000m\000e\000n\000t\000e\000\040\000\050\000V\000e\000r\000s\000i\000\363\000n\000\040\000S\000i\000m\000p\000l\000e\000\051}{appendix.Alph5}% 140
\BOOKMARK [3][-]{subsubsection.Alph5.4.1}{\376\377\000P\000a\000s\000o\000\040\0001\000:\000\040\000C\000o\000n\000s\000u\000l\000t\000a\000s\000,\000\040\000C\000l\000a\000v\000e\000s\000\040\000y\000\040\000V\000a\000l\000o\000r\000e\000s}{subsection.Alph5.4}% 141
\BOOKMARK [3][-]{subsubsection.Alph5.4.2}{\376\377\000P\000a\000s\000o\000\040\0002\000:\000\040\000C\000o\000m\000p\000a\000t\000i\000b\000i\000l\000i\000d\000a\000d}{subsection.Alph5.4}% 142
\BOOKMARK [3][-]{subsubsection.Alph5.4.3}{\376\377\000P\000a\000s\000o\000\040\0003\000:\000\040\000E\000n\000f\000o\000q\000u\000e}{subsection.Alph5.4}% 143
\BOOKMARK [3][-]{subsubsection.Alph5.4.4}{\376\377\000P\000a\000s\000o\000\040\0004\000:\000\040\000C\000o\000m\000b\000i\000n\000a\000r}{subsection.Alph5.4}% 144
\BOOKMARK [2][-]{subsection.Alph5.5}{\376\377\000M\000\372\000l\000t\000i\000p\000l\000e\000s\000\040\000C\000a\000b\000e\000z\000a\000s\000\040\000d\000e\000\040\000A\000t\000e\000n\000c\000i\000\363\000n\000:\000\040\000M\000\372\000l\000t\000i\000p\000l\000e\000s\000\040\000P\000e\000r\000s\000p\000e\000c\000t\000i\000v\000a\000s}{appendix.Alph5}% 145
\BOOKMARK [2][-]{subsection.Alph5.6}{\376\377\000A\000p\000i\000l\000a\000r\000\040\000C\000a\000p\000a\000s}{appendix.Alph5}% 146
\BOOKMARK [2][-]{subsection.Alph5.7}{\376\377\000\277\000P\000o\000r\000\040\000Q\000u\000\351\000\040\000e\000s\000\040\000I\000m\000p\000o\000r\000t\000a\000n\000t\000e\000?}{appendix.Alph5}% 147
\BOOKMARK [2][-]{subsection.Alph5.8}{\376\377\000D\000e\000s\000a\000f\000\355\000o\000s\000\040\000P\000r\000\341\000c\000t\000i\000c\000o\000s}{appendix.Alph5}% 148
\BOOKMARK [3][-]{subsubsection.Alph5.8.1}{\376\377\000C\000o\000m\000p\000l\000e\000j\000i\000d\000a\000d\000\040\000C\000o\000m\000p\000u\000t\000a\000c\000i\000o\000n\000a\000l}{subsection.Alph5.8}% 149
\BOOKMARK [3][-]{subsubsection.Alph5.8.2}{\376\377\000R\000e\000q\000u\000i\000s\000i\000t\000o\000s\000\040\000d\000e\000\040\000M\000e\000m\000o\000r\000i\000a}{subsection.Alph5.8}% 150
\BOOKMARK [3][-]{subsubsection.Alph5.8.3}{\376\377\000E\000f\000i\000c\000i\000e\000n\000c\000i\000a\000\040\000d\000e\000l\000\040\000D\000i\000s\000p\000o\000s\000i\000t\000i\000v\000o}{subsection.Alph5.8}% 151
\BOOKMARK [2][-]{subsection.Alph5.9}{\376\377\000S\000o\000l\000u\000c\000i\000o\000n\000e\000s\000\040\000M\000o\000d\000e\000r\000n\000a\000s}{appendix.Alph5}% 152
\BOOKMARK [2][-]{subsection.Alph5.10}{\376\377\000C\000o\000n\000c\000l\000u\000s\000i\000o\000n\000e\000s\000\040\000C\000l\000a\000v\000e}{appendix.Alph5}% 153
